###############################################################################
#
# IAR ELF Linker V8.50.6.265/W32 for ARM                  19/Dec/2020  17:58:39
# Copyright 2007-2020 IAR Systems AB.
#
#    Output file  =
#        C:\Users\tykr0\Desktop\termProject_controller2\Debug\Exe\week9.out
#    Map file     =
#        C:\Users\tykr0\Desktop\termProject_controller2\Debug\List\week9.map
#    Command line =
#        -f C:\Users\tykr0\AppData\Local\Temp\EWD457.tmp
#        (C:\Users\tykr0\Desktop\termProject_controller2\Debug\Obj\core_cm3.o
#        C:\Users\tykr0\Desktop\termProject_controller2\Debug\Obj\lcd.o
#        C:\Users\tykr0\Desktop\termProject_controller2\Debug\Obj\main.o
#        C:\Users\tykr0\Desktop\termProject_controller2\Debug\Obj\misc.o
#        C:\Users\tykr0\Desktop\termProject_controller2\Debug\Obj\startup_stm32f10x_cl.o
#        C:\Users\tykr0\Desktop\termProject_controller2\Debug\Obj\stm32f10x_adc.o
#        C:\Users\tykr0\Desktop\termProject_controller2\Debug\Obj\stm32f10x_bkp.o
#        C:\Users\tykr0\Desktop\termProject_controller2\Debug\Obj\stm32f10x_can.o
#        C:\Users\tykr0\Desktop\termProject_controller2\Debug\Obj\stm32f10x_cec.o
#        C:\Users\tykr0\Desktop\termProject_controller2\Debug\Obj\stm32f10x_crc.o
#        C:\Users\tykr0\Desktop\termProject_controller2\Debug\Obj\stm32f10x_dac.o
#        C:\Users\tykr0\Desktop\termProject_controller2\Debug\Obj\stm32f10x_dbgmcu.o
#        C:\Users\tykr0\Desktop\termProject_controller2\Debug\Obj\stm32f10x_dma.o
#        C:\Users\tykr0\Desktop\termProject_controller2\Debug\Obj\stm32f10x_exti.o
#        C:\Users\tykr0\Desktop\termProject_controller2\Debug\Obj\stm32f10x_flash.o
#        C:\Users\tykr0\Desktop\termProject_controller2\Debug\Obj\stm32f10x_fsmc.o
#        C:\Users\tykr0\Desktop\termProject_controller2\Debug\Obj\stm32f10x_gpio.o
#        C:\Users\tykr0\Desktop\termProject_controller2\Debug\Obj\stm32f10x_i2c.o
#        C:\Users\tykr0\Desktop\termProject_controller2\Debug\Obj\stm32f10x_it.o
#        C:\Users\tykr0\Desktop\termProject_controller2\Debug\Obj\stm32f10x_iwdg.o
#        C:\Users\tykr0\Desktop\termProject_controller2\Debug\Obj\stm32f10x_pwr.o
#        C:\Users\tykr0\Desktop\termProject_controller2\Debug\Obj\stm32f10x_rcc.o
#        C:\Users\tykr0\Desktop\termProject_controller2\Debug\Obj\stm32f10x_rtc.o
#        C:\Users\tykr0\Desktop\termProject_controller2\Debug\Obj\stm32f10x_sdio.o
#        C:\Users\tykr0\Desktop\termProject_controller2\Debug\Obj\stm32f10x_spi.o
#        C:\Users\tykr0\Desktop\termProject_controller2\Debug\Obj\stm32f10x_tim.o
#        C:\Users\tykr0\Desktop\termProject_controller2\Debug\Obj\stm32f10x_usart.o
#        C:\Users\tykr0\Desktop\termProject_controller2\Debug\Obj\stm32f10x_wwdg.o
#        C:\Users\tykr0\Desktop\termProject_controller2\Debug\Obj\system_stm32f10x.o
#        C:\Users\tykr0\Desktop\termProject_controller2\Debug\Obj\touch.o
#        --no_out_extension -o
#        C:\Users\tykr0\Desktop\termProject_controller2\Debug\Exe\week9.out
#        --map
#        C:\Users\tykr0\Desktop\termProject_controller2\Debug\List\week9.map
#        --log
#        libraries,initialization,modules,redirects,sections,veneers,unused_fragments,call_graph
#        --log_file
#        C:\Users\tykr0\Desktop\termProject_controller2\Debug\List\week9.log
#        --config "H:\Program Files\IAR Systems\Embedded Workbench
#        8.4\arm\config\linker\ST\stm32f107xC.icf" --semihosting --entry
#        __iar_program_start --vfe --text_out locale)
#
###############################################################################

*******************************************************************************
*** RUNTIME MODEL ATTRIBUTES
***

CppFlavor       = *
__SystemLibrary = DLib
__dlib_version  = 6


*******************************************************************************
*** HEAP SELECTION
***

The basic heap was selected because some modules are built with
size limitations (and not runtime checking), and --advanced_heap
was not specified.


*******************************************************************************
*** PLACEMENT SUMMARY
***

"A0":  place at address 0x800'0000 { ro section .intvec };
"P1":  place in [from 0x800'0000 to 0x803'ffff] { ro };
define block CSTACK with size = 4K, alignment = 8 { };
define block HEAP with size = 4K, alignment = 8 { };
"P2":  place in [from 0x2000'0000 to 0x2000'ffff] {
          rw, block CSTACK, block HEAP };
initialize by copy { rw };

  Section            Kind         Address    Size  Object
  -------            ----         -------    ----  ------
"A0":                                       0x150
  .intvec            ro code   0x800'0000   0x150  startup_stm32f10x_cl.o [1]
                             - 0x800'0150   0x150

"P1":                                       0xf39
  .text              ro code   0x800'0150   0x45c  main.o [1]
  .text              ro code   0x800'05ac   0x16c  stm32f10x_rcc.o [1]
  .text              ro code   0x800'0718    0xc0  stm32f10x_gpio.o [1]
  .text              ro code   0x800'07d8   0x1a0  stm32f10x_adc.o [1]
  .text              ro code   0x800'0978   0x184  stm32f10x_dma.o [1]
  .text              ro code   0x800'0afc    0x80  misc.o [1]
  .text              ro code   0x800'0b7c   0x1a6  stm32f10x_usart.o [1]
  .text              ro code   0x800'0d24   0x150  system_stm32f10x.o [1]
  .text              ro code   0x800'0e74    0x38  packbits_init_single.o [4]
  .text              ro code   0x800'0eac    0x28  data_init.o [4]
  .iar.init_table    const     0x800'0ed4    0x10  - Linker created -
  .text              ro code   0x800'0ee4    0x1e  cmain.o [4]
  .text              ro code   0x800'0f02     0x4  low_level_init.o [2]
  .text              ro code   0x800'0f06     0x4  exit.o [2]
  .text              ro code   0x800'0f0c     0xa  cexit.o [4]
  .text              ro code   0x800'0f18    0x14  exit.o [5]
  .text              ro code   0x800'0f2c    0x12  stm32f10x_it.o [1]
  .text              ro code   0x800'0f40    0x10  startup_stm32f10x_cl.o [1]
  .text              ro code   0x800'0f50     0xc  cstartup_M.o [4]
  .text              ro code   0x800'0f5c     0x4  startup_stm32f10x_cl.o [1]
  .text              ro code   0x800'0f60     0x4  startup_stm32f10x_cl.o [1]
  .text              ro code   0x800'0f64     0x4  startup_stm32f10x_cl.o [1]
  .text              ro code   0x800'0f68     0x4  startup_stm32f10x_cl.o [1]
  .text              ro code   0x800'0f6c     0x4  startup_stm32f10x_cl.o [1]
  .text              ro code   0x800'0f70     0x4  startup_stm32f10x_cl.o [1]
  .text              ro code   0x800'0f74     0x4  startup_stm32f10x_cl.o [1]
  .text              ro code   0x800'0f78     0x4  startup_stm32f10x_cl.o [1]
  .text              ro code   0x800'0f7c     0x4  startup_stm32f10x_cl.o [1]
  .text              ro code   0x800'0f80     0x4  startup_stm32f10x_cl.o [1]
  .text              ro code   0x800'0f84     0x4  startup_stm32f10x_cl.o [1]
  .text              ro code   0x800'0f88     0x4  startup_stm32f10x_cl.o [1]
  .text              ro code   0x800'0f8c     0x4  startup_stm32f10x_cl.o [1]
  .text              ro code   0x800'0f90     0x4  startup_stm32f10x_cl.o [1]
  .text              ro code   0x800'0f94     0x4  startup_stm32f10x_cl.o [1]
  .text              ro code   0x800'0f98     0x4  startup_stm32f10x_cl.o [1]
  .text              ro code   0x800'0f9c     0x4  startup_stm32f10x_cl.o [1]
  .text              ro code   0x800'0fa0     0x4  startup_stm32f10x_cl.o [1]
  .text              ro code   0x800'0fa4     0x4  startup_stm32f10x_cl.o [1]
  .text              ro code   0x800'0fa8     0x4  startup_stm32f10x_cl.o [1]
  .text              ro code   0x800'0fac     0x4  startup_stm32f10x_cl.o [1]
  .text              ro code   0x800'0fb0     0x4  startup_stm32f10x_cl.o [1]
  .text              ro code   0x800'0fb4     0x4  startup_stm32f10x_cl.o [1]
  .text              ro code   0x800'0fb8     0x4  startup_stm32f10x_cl.o [1]
  .text              ro code   0x800'0fbc     0x4  startup_stm32f10x_cl.o [1]
  .text              ro code   0x800'0fc0     0x4  startup_stm32f10x_cl.o [1]
  .text              ro code   0x800'0fc4     0x4  startup_stm32f10x_cl.o [1]
  .text              ro code   0x800'0fc8     0x4  startup_stm32f10x_cl.o [1]
  .text              ro code   0x800'0fcc     0x4  startup_stm32f10x_cl.o [1]
  .text              ro code   0x800'0fd0     0x4  startup_stm32f10x_cl.o [1]
  .text              ro code   0x800'0fd4     0x4  startup_stm32f10x_cl.o [1]
  .text              ro code   0x800'0fd8     0x4  startup_stm32f10x_cl.o [1]
  .text              ro code   0x800'0fdc     0x4  startup_stm32f10x_cl.o [1]
  .text              ro code   0x800'0fe0     0x4  startup_stm32f10x_cl.o [1]
  .text              ro code   0x800'0fe4     0x4  startup_stm32f10x_cl.o [1]
  .text              ro code   0x800'0fe8     0x4  startup_stm32f10x_cl.o [1]
  .text              ro code   0x800'0fec     0x4  startup_stm32f10x_cl.o [1]
  .text              ro code   0x800'0ff0     0x4  startup_stm32f10x_cl.o [1]
  .text              ro code   0x800'0ff4     0x4  startup_stm32f10x_cl.o [1]
  .text              ro code   0x800'0ff8     0x4  startup_stm32f10x_cl.o [1]
  .text              ro code   0x800'0ffc     0x4  startup_stm32f10x_cl.o [1]
  .text              ro code   0x800'1000     0x4  startup_stm32f10x_cl.o [1]
  .text              ro code   0x800'1004     0x4  startup_stm32f10x_cl.o [1]
  .text              ro code   0x800'1008     0x4  startup_stm32f10x_cl.o [1]
  .text              ro code   0x800'100c     0x4  startup_stm32f10x_cl.o [1]
  .text              ro code   0x800'1010     0x4  startup_stm32f10x_cl.o [1]
  .text              ro code   0x800'1014     0x4  startup_stm32f10x_cl.o [1]
  .text              ro code   0x800'1018     0x4  startup_stm32f10x_cl.o [1]
  .text              ro code   0x800'101c     0x4  startup_stm32f10x_cl.o [1]
  .text              ro code   0x800'1020     0x4  startup_stm32f10x_cl.o [1]
  .text              ro code   0x800'1024     0x4  startup_stm32f10x_cl.o [1]
  .text              ro code   0x800'1028     0x4  startup_stm32f10x_cl.o [1]
  .text              ro code   0x800'102c     0x4  startup_stm32f10x_cl.o [1]
  .text              ro code   0x800'1030     0x4  startup_stm32f10x_cl.o [1]
  .text              ro code   0x800'1034     0x4  startup_stm32f10x_cl.o [1]
  .text              ro code   0x800'1038     0x4  startup_stm32f10x_cl.o [1]
  .text              ro code   0x800'103c     0x4  startup_stm32f10x_cl.o [1]
  .text              ro code   0x800'1040     0x4  startup_stm32f10x_cl.o [1]
  .text              ro code   0x800'1044     0x4  startup_stm32f10x_cl.o [1]
  .text              ro code   0x800'1048     0x4  startup_stm32f10x_cl.o [1]
  .text              ro code   0x800'104c     0x4  startup_stm32f10x_cl.o [1]
  .text              ro code   0x800'1050     0x4  startup_stm32f10x_cl.o [1]
  .text              ro code   0x800'1054     0x4  startup_stm32f10x_cl.o [1]
  .text              ro code   0x800'1058     0x4  startup_stm32f10x_cl.o [1]
  .text              ro code   0x800'105c     0x4  startup_stm32f10x_cl.o [1]
  .text              ro code   0x800'1060     0x4  startup_stm32f10x_cl.o [1]
  .text              ro code   0x800'1064     0x4  startup_stm32f10x_cl.o [1]
  .text              ro code   0x800'1068     0x4  startup_stm32f10x_cl.o [1]
  .text              ro code   0x800'106c     0x4  startup_stm32f10x_cl.o [1]
  .text              ro code   0x800'1070     0x4  startup_stm32f10x_cl.o [1]
  .rodata            const     0x800'1074     0x0  packbits_init_single.o [4]
  Initializer bytes  const     0x800'1074    0x15  <for P2-1>
                             - 0x800'1089   0xf39

"P2", part 1 of 2:                           0x28
  P2-1                        0x2000'0000    0x28  <Init block>
    .data            inited   0x2000'0000    0x10  stm32f10x_rcc.o [1]
    .data            inited   0x2000'0010     0x4  stm32f10x_rcc.o [1]
    .bss             inited   0x2000'0014    0x14  main.o [1]
                            - 0x2000'0028    0x28

"P2", part 2 of 2:                         0x1000
  CSTACK                      0x2000'0028  0x1000  <Block>
    CSTACK           uninit   0x2000'0028  0x1000  <Block tail>
                            - 0x2000'1028  0x1000

Unused ranges:

         From           To      Size
         ----           --      ----
   0x800'1089   0x803'ffff  0x3'ef77
  0x2000'1028  0x2000'ffff    0xefd8


*******************************************************************************
*** INIT TABLE
***

          Address      Size
          -------      ----
Copy/packbits (__iar_packbits_init_single3)
    1 source range, total size 0x15 (52% of destination):
           0x800'1074  0x15
    1 destination range, total size 0x28:
          0x2000'0000  0x28



*******************************************************************************
*** MODULE SUMMARY
***

    Module                  ro code  ro data  rw data
    ------                  -------  -------  -------
command line/config:
    -------------------------------------------------
    Total:

C:\Users\tykr0\Desktop\termProject_controller2\Debug\Obj: [1]
    main.o                    1'116       11       20
    misc.o                      128
    startup_stm32f10x_cl.o      632
    stm32f10x_adc.o             416
    stm32f10x_dma.o             388
    stm32f10x_gpio.o            192
    stm32f10x_it.o               18
    stm32f10x_rcc.o             364       10       20
    stm32f10x_usart.o           422
    system_stm32f10x.o          336
    -------------------------------------------------
    Total:                    4'012       21       40

dl7M_tln.a: [2]
    exit.o                        4
    low_level_init.o              4
    -------------------------------------------------
    Total:                        8

m7M_tl.a: [3]
    -------------------------------------------------
    Total:

rt7M_tl.a: [4]
    cexit.o                      10
    cmain.o                      30
    cstartup_M.o                 12
    data_init.o                  40
    packbits_init_single.o       56
    -------------------------------------------------
    Total:                      148

shb_l.a: [5]
    exit.o                       20
    -------------------------------------------------
    Total:                       20

    Gaps                          8
    Linker created                        16    4'096
-----------------------------------------------------
    Grand Total:              4'196       37    4'136


*******************************************************************************
*** ENTRY LIST
***

Entry                       Address  Size  Type      Object
-----                       -------  ----  ----      ------
.iar.init_table$$Base    0x800'0ed4         --   Gb  - Linker created -
.iar.init_table$$Limit   0x800'0ee4         --   Gb  - Linker created -
?main                    0x800'0ee5        Code  Gb  cmain.o [4]
ADCPrescTable           0x2000'0010   0x4  Data  Lc  stm32f10x_rcc.o [1]
ADC_Cmd                  0x800'0823  0x1a  Code  Gb  stm32f10x_adc.o [1]
ADC_Configure            0x800'0269  0xa6  Code  Gb  main.o [1]
ADC_DMACmd               0x800'083d  0x1a  Code  Gb  stm32f10x_adc.o [1]
ADC_GetCalibrationStatus
                         0x800'087d  0x12  Code  Gb  stm32f10x_adc.o [1]
ADC_GetResetCalibrationStatus
                         0x800'0861  0x12  Code  Gb  stm32f10x_adc.o [1]
ADC_Init                 0x800'07d9  0x4a  Code  Gb  stm32f10x_adc.o [1]
ADC_RegularChannelConfig
                         0x800'08a9  0xc6  Code  Gb  stm32f10x_adc.o [1]
ADC_ResetCalibration     0x800'0857   0xa  Code  Gb  stm32f10x_adc.o [1]
ADC_SoftwareStartConvCmd
                         0x800'088f  0x1a  Code  Gb  stm32f10x_adc.o [1]
ADC_StartCalibration     0x800'0873   0xa  Code  Gb  stm32f10x_adc.o [1]
ADC_Value               0x2000'0014  0x14  Data  Gb  main.o [1]
APBAHBPrescTable        0x2000'0000  0x10  Data  Lc  stm32f10x_rcc.o [1]
BusFault_Handler         0x800'0f33   0x2  Code  Gb  stm32f10x_it.o [1]
CSTACK$$Base            0x2000'0028         --   Gb  - Linker created -
CSTACK$$Limit           0x2000'1028         --   Gb  - Linker created -
DMA_Cmd                  0x800'0aa7  0x1c  Code  Gb  stm32f10x_dma.o [1]
DMA_Configure            0x800'030f  0x52  Code  Gb  main.o [1]
DMA_DeInit               0x800'0979  0xf2  Code  Gb  stm32f10x_dma.o [1]
DMA_Init                 0x800'0a6b  0x3c  Code  Gb  stm32f10x_dma.o [1]
DebugMon_Handler         0x800'0f39   0x2  Code  Gb  stm32f10x_it.o [1]
Delay                    0x800'0495   0xe  Code  Gb  main.o [1]
GPIO_Configure           0x800'01c1  0xa8  Code  Gb  main.o [1]
GPIO_Init                0x800'0719  0xc0  Code  Gb  stm32f10x_gpio.o [1]
HardFault_Handler        0x800'0f2f   0x2  Code  Gb  stm32f10x_it.o [1]
MemManage_Handler        0x800'0f31   0x2  Code  Gb  stm32f10x_it.o [1]
NMI_Handler              0x800'0f2d   0x2  Code  Gb  stm32f10x_it.o [1]
NVIC_Configure           0x800'0361  0x54  Code  Gb  main.o [1]
NVIC_Init                0x800'0b07  0x60  Code  Gb  misc.o [1]
NVIC_PriorityGroupConfig
                         0x800'0afd   0xa  Code  Gb  misc.o [1]
PendSV_Handler           0x800'0f3b   0x2  Code  Gb  stm32f10x_it.o [1]
RCC_AHBPeriphClockCmd    0x800'069b  0x1c  Code  Gb  stm32f10x_rcc.o [1]
RCC_APB1PeriphClockCmd   0x800'06d3  0x1c  Code  Gb  stm32f10x_rcc.o [1]
RCC_APB2PeriphClockCmd   0x800'06b7  0x1c  Code  Gb  stm32f10x_rcc.o [1]
RCC_Configure            0x800'016f  0x52  Code  Gb  main.o [1]
RCC_GetClocksFreq        0x800'05ad  0xee  Code  Gb  stm32f10x_rcc.o [1]
Region$$Table$$Base      0x800'0ed4         --   Gb  - Linker created -
Region$$Table$$Limit     0x800'0ee4         --   Gb  - Linker created -
SVC_Handler              0x800'0f37   0x2  Code  Gb  stm32f10x_it.o [1]
SetSysClock              0x800'0d77   0x8  Code  Lc  system_stm32f10x.o [1]
SetSysClockTo72          0x800'0d7f  0xd2  Code  Lc  system_stm32f10x.o [1]
SysTick_Handler          0x800'0f3d   0x2  Code  Gb  stm32f10x_it.o [1]
SystemInit               0x800'0d25  0x52  Code  Gb  system_stm32f10x.o [1]
USART1_IRQHandler        0x800'0441  0x2a  Code  Gb  main.o [1]
USART1_Init              0x800'03b5  0x46  Code  Gb  main.o [1]
USART2_IRQHandler        0x800'046b  0x2a  Code  Gb  main.o [1]
USART2_Init              0x800'03fb  0x46  Code  Gb  main.o [1]
USART_ClearITPendingBit
                         0x800'0d0d  0x16  Code  Gb  stm32f10x_usart.o [1]
USART_Cmd                0x800'0c3d  0x1c  Code  Gb  stm32f10x_usart.o [1]
USART_GetITStatus        0x800'0cb3  0x5a  Code  Gb  stm32f10x_usart.o [1]
USART_ITConfig           0x800'0c59  0x4a  Code  Gb  stm32f10x_usart.o [1]
USART_Init               0x800'0b7d  0xb8  Code  Gb  stm32f10x_usart.o [1]
USART_ReceiveData        0x800'0cab   0x8  Code  Gb  stm32f10x_usart.o [1]
USART_SendData           0x800'0ca3   0x8  Code  Gb  stm32f10x_usart.o [1]
UsageFault_Handler       0x800'0f35   0x2  Code  Gb  stm32f10x_it.o [1]
__NVIC_EnableIRQ         0x800'0151  0x1e  Code  Lc  main.o [1]
__cmain                  0x800'0ee5        Code  Gb  cmain.o [4]
__exit                   0x800'0f19  0x14  Code  Gb  exit.o [5]
__iar_data_init3         0x800'0ead  0x28  Code  Gb  data_init.o [4]
__iar_packbits_init_single3
                         0x800'0e75  0x38  Code  Gb  packbits_init_single.o [4]
__iar_program_start      0x800'0f51        Code  Gb  cstartup_M.o [4]
__low_level_init         0x800'0f03   0x4  Code  Gb  low_level_init.o [2]
__vector_table           0x800'0000        Data  Gb  startup_stm32f10x_cl.o [1]
_call_main               0x800'0ef1        Code  Gb  cmain.o [4]
_exit                    0x800'0f0d        Code  Gb  cexit.o [4]
_main                    0x800'0eff        Code  Gb  cmain.o [4]
exit                     0x800'0f07   0x4  Code  Gb  exit.o [2]
main                     0x800'0531  0x56  Code  Gb  main.o [1]
sendDataUART1            0x800'04a3  0x16  Code  Gb  main.o [1]
sendDataUART2            0x800'04b9  0x16  Code  Gb  main.o [1]
sendU32DataUART2         0x800'04cf  0x62  Code  Gb  main.o [1]


[1] = C:\Users\tykr0\Desktop\termProject_controller2\Debug\Obj
[2] = dl7M_tln.a
[3] = m7M_tl.a
[4] = rt7M_tl.a
[5] = shb_l.a

  4'196 bytes of readonly  code memory
     37 bytes of readonly  data memory
  4'136 bytes of readwrite data memory

Errors: none
Warnings: none
