###############################################################################
#
# IAR ELF Linker V8.50.6.265/W32 for ARM                  20/Dec/2020  20:01:39
# Copyright 2007-2020 IAR Systems AB.
#
#    Output file  =
#        C:\Users\tykr0\Desktop\termProject_controller2\Debug\Exe\week9.out
#    Map file     =
#        C:\Users\tykr0\Desktop\termProject_controller2\Debug\List\week9.map
#    Command line =
#        -f C:\Users\tykr0\AppData\Local\Temp\EWC57A.tmp
#        (C:\Users\tykr0\Desktop\termProject_controller2\Debug\Obj\core_cm3.o
#        C:\Users\tykr0\Desktop\termProject_controller2\Debug\Obj\lcd.o
#        C:\Users\tykr0\Desktop\termProject_controller2\Debug\Obj\main.o
#        C:\Users\tykr0\Desktop\termProject_controller2\Debug\Obj\misc.o
#        C:\Users\tykr0\Desktop\termProject_controller2\Debug\Obj\startup_stm32f10x_cl.o
#        C:\Users\tykr0\Desktop\termProject_controller2\Debug\Obj\stm32f10x_adc.o
#        C:\Users\tykr0\Desktop\termProject_controller2\Debug\Obj\stm32f10x_bkp.o
#        C:\Users\tykr0\Desktop\termProject_controller2\Debug\Obj\stm32f10x_can.o
#        C:\Users\tykr0\Desktop\termProject_controller2\Debug\Obj\stm32f10x_cec.o
#        C:\Users\tykr0\Desktop\termProject_controller2\Debug\Obj\stm32f10x_crc.o
#        C:\Users\tykr0\Desktop\termProject_controller2\Debug\Obj\stm32f10x_dac.o
#        C:\Users\tykr0\Desktop\termProject_controller2\Debug\Obj\stm32f10x_dbgmcu.o
#        C:\Users\tykr0\Desktop\termProject_controller2\Debug\Obj\stm32f10x_dma.o
#        C:\Users\tykr0\Desktop\termProject_controller2\Debug\Obj\stm32f10x_exti.o
#        C:\Users\tykr0\Desktop\termProject_controller2\Debug\Obj\stm32f10x_flash.o
#        C:\Users\tykr0\Desktop\termProject_controller2\Debug\Obj\stm32f10x_fsmc.o
#        C:\Users\tykr0\Desktop\termProject_controller2\Debug\Obj\stm32f10x_gpio.o
#        C:\Users\tykr0\Desktop\termProject_controller2\Debug\Obj\stm32f10x_i2c.o
#        C:\Users\tykr0\Desktop\termProject_controller2\Debug\Obj\stm32f10x_it.o
#        C:\Users\tykr0\Desktop\termProject_controller2\Debug\Obj\stm32f10x_iwdg.o
#        C:\Users\tykr0\Desktop\termProject_controller2\Debug\Obj\stm32f10x_pwr.o
#        C:\Users\tykr0\Desktop\termProject_controller2\Debug\Obj\stm32f10x_rcc.o
#        C:\Users\tykr0\Desktop\termProject_controller2\Debug\Obj\stm32f10x_rtc.o
#        C:\Users\tykr0\Desktop\termProject_controller2\Debug\Obj\stm32f10x_sdio.o
#        C:\Users\tykr0\Desktop\termProject_controller2\Debug\Obj\stm32f10x_spi.o
#        C:\Users\tykr0\Desktop\termProject_controller2\Debug\Obj\stm32f10x_tim.o
#        C:\Users\tykr0\Desktop\termProject_controller2\Debug\Obj\stm32f10x_usart.o
#        C:\Users\tykr0\Desktop\termProject_controller2\Debug\Obj\stm32f10x_wwdg.o
#        C:\Users\tykr0\Desktop\termProject_controller2\Debug\Obj\system_stm32f10x.o
#        C:\Users\tykr0\Desktop\termProject_controller2\Debug\Obj\touch.o
#        --no_out_extension -o
#        C:\Users\tykr0\Desktop\termProject_controller2\Debug\Exe\week9.out
#        --map
#        C:\Users\tykr0\Desktop\termProject_controller2\Debug\List\week9.map
#        --log
#        libraries,initialization,modules,redirects,sections,veneers,unused_fragments,call_graph
#        --log_file
#        C:\Users\tykr0\Desktop\termProject_controller2\Debug\List\week9.log
#        --config "H:\Program Files\IAR Systems\Embedded Workbench
#        8.4\arm\config\linker\ST\stm32f107xC.icf" --semihosting --entry
#        __iar_program_start --vfe --text_out locale)
#
###############################################################################

*******************************************************************************
*** RUNTIME MODEL ATTRIBUTES
***

CppFlavor       = *
__SystemLibrary = DLib
__dlib_version  = 6


*******************************************************************************
*** HEAP SELECTION
***

The basic heap was selected because some modules are built with
size limitations (and not runtime checking), and --advanced_heap
was not specified.


*******************************************************************************
*** PLACEMENT SUMMARY
***

"A0":  place at address 0x800'0000 { ro section .intvec };
"P1":  place in [from 0x800'0000 to 0x803'ffff] { ro };
define block CSTACK with size = 4K, alignment = 8 { };
define block HEAP with size = 4K, alignment = 8 { };
"P2":  place in [from 0x2000'0000 to 0x2000'ffff] {
          rw, block CSTACK, block HEAP };
initialize by copy { rw };

  Section            Kind         Address    Size  Object
  -------            ----         -------    ----  ------
"A0":                                       0x150
  .intvec            ro code   0x800'0000   0x150  startup_stm32f10x_cl.o [1]
                             - 0x800'0150   0x150

"P1":                                       0xf7d
  .text              ro code   0x800'0150   0x4a0  main.o [1]
  .text              ro code   0x800'05f0   0x16c  stm32f10x_rcc.o [1]
  .text              ro code   0x800'075c    0xc0  stm32f10x_gpio.o [1]
  .text              ro code   0x800'081c   0x1a0  stm32f10x_adc.o [1]
  .text              ro code   0x800'09bc   0x184  stm32f10x_dma.o [1]
  .text              ro code   0x800'0b40    0x80  misc.o [1]
  .text              ro code   0x800'0bc0   0x1a6  stm32f10x_usart.o [1]
  .text              ro code   0x800'0d68   0x150  system_stm32f10x.o [1]
  .text              ro code   0x800'0eb8    0x38  packbits_init_single.o [4]
  .text              ro code   0x800'0ef0    0x28  data_init.o [4]
  .iar.init_table    const     0x800'0f18    0x10  - Linker created -
  .text              ro code   0x800'0f28    0x1e  cmain.o [4]
  .text              ro code   0x800'0f46     0x4  low_level_init.o [2]
  .text              ro code   0x800'0f4a     0x4  exit.o [2]
  .text              ro code   0x800'0f50     0xa  cexit.o [4]
  .text              ro code   0x800'0f5c    0x14  exit.o [5]
  .text              ro code   0x800'0f70    0x12  stm32f10x_it.o [1]
  .text              ro code   0x800'0f84    0x10  startup_stm32f10x_cl.o [1]
  .text              ro code   0x800'0f94     0xc  cstartup_M.o [4]
  .text              ro code   0x800'0fa0     0x4  startup_stm32f10x_cl.o [1]
  .text              ro code   0x800'0fa4     0x4  startup_stm32f10x_cl.o [1]
  .text              ro code   0x800'0fa8     0x4  startup_stm32f10x_cl.o [1]
  .text              ro code   0x800'0fac     0x4  startup_stm32f10x_cl.o [1]
  .text              ro code   0x800'0fb0     0x4  startup_stm32f10x_cl.o [1]
  .text              ro code   0x800'0fb4     0x4  startup_stm32f10x_cl.o [1]
  .text              ro code   0x800'0fb8     0x4  startup_stm32f10x_cl.o [1]
  .text              ro code   0x800'0fbc     0x4  startup_stm32f10x_cl.o [1]
  .text              ro code   0x800'0fc0     0x4  startup_stm32f10x_cl.o [1]
  .text              ro code   0x800'0fc4     0x4  startup_stm32f10x_cl.o [1]
  .text              ro code   0x800'0fc8     0x4  startup_stm32f10x_cl.o [1]
  .text              ro code   0x800'0fcc     0x4  startup_stm32f10x_cl.o [1]
  .text              ro code   0x800'0fd0     0x4  startup_stm32f10x_cl.o [1]
  .text              ro code   0x800'0fd4     0x4  startup_stm32f10x_cl.o [1]
  .text              ro code   0x800'0fd8     0x4  startup_stm32f10x_cl.o [1]
  .text              ro code   0x800'0fdc     0x4  startup_stm32f10x_cl.o [1]
  .text              ro code   0x800'0fe0     0x4  startup_stm32f10x_cl.o [1]
  .text              ro code   0x800'0fe4     0x4  startup_stm32f10x_cl.o [1]
  .text              ro code   0x800'0fe8     0x4  startup_stm32f10x_cl.o [1]
  .text              ro code   0x800'0fec     0x4  startup_stm32f10x_cl.o [1]
  .text              ro code   0x800'0ff0     0x4  startup_stm32f10x_cl.o [1]
  .text              ro code   0x800'0ff4     0x4  startup_stm32f10x_cl.o [1]
  .text              ro code   0x800'0ff8     0x4  startup_stm32f10x_cl.o [1]
  .text              ro code   0x800'0ffc     0x4  startup_stm32f10x_cl.o [1]
  .text              ro code   0x800'1000     0x4  startup_stm32f10x_cl.o [1]
  .text              ro code   0x800'1004     0x4  startup_stm32f10x_cl.o [1]
  .text              ro code   0x800'1008     0x4  startup_stm32f10x_cl.o [1]
  .text              ro code   0x800'100c     0x4  startup_stm32f10x_cl.o [1]
  .text              ro code   0x800'1010     0x4  startup_stm32f10x_cl.o [1]
  .text              ro code   0x800'1014     0x4  startup_stm32f10x_cl.o [1]
  .text              ro code   0x800'1018     0x4  startup_stm32f10x_cl.o [1]
  .text              ro code   0x800'101c     0x4  startup_stm32f10x_cl.o [1]
  .text              ro code   0x800'1020     0x4  startup_stm32f10x_cl.o [1]
  .text              ro code   0x800'1024     0x4  startup_stm32f10x_cl.o [1]
  .text              ro code   0x800'1028     0x4  startup_stm32f10x_cl.o [1]
  .text              ro code   0x800'102c     0x4  startup_stm32f10x_cl.o [1]
  .text              ro code   0x800'1030     0x4  startup_stm32f10x_cl.o [1]
  .text              ro code   0x800'1034     0x4  startup_stm32f10x_cl.o [1]
  .text              ro code   0x800'1038     0x4  startup_stm32f10x_cl.o [1]
  .text              ro code   0x800'103c     0x4  startup_stm32f10x_cl.o [1]
  .text              ro code   0x800'1040     0x4  startup_stm32f10x_cl.o [1]
  .text              ro code   0x800'1044     0x4  startup_stm32f10x_cl.o [1]
  .text              ro code   0x800'1048     0x4  startup_stm32f10x_cl.o [1]
  .text              ro code   0x800'104c     0x4  startup_stm32f10x_cl.o [1]
  .text              ro code   0x800'1050     0x4  startup_stm32f10x_cl.o [1]
  .text              ro code   0x800'1054     0x4  startup_stm32f10x_cl.o [1]
  .text              ro code   0x800'1058     0x4  startup_stm32f10x_cl.o [1]
  .text              ro code   0x800'105c     0x4  startup_stm32f10x_cl.o [1]
  .text              ro code   0x800'1060     0x4  startup_stm32f10x_cl.o [1]
  .text              ro code   0x800'1064     0x4  startup_stm32f10x_cl.o [1]
  .text              ro code   0x800'1068     0x4  startup_stm32f10x_cl.o [1]
  .text              ro code   0x800'106c     0x4  startup_stm32f10x_cl.o [1]
  .text              ro code   0x800'1070     0x4  startup_stm32f10x_cl.o [1]
  .text              ro code   0x800'1074     0x4  startup_stm32f10x_cl.o [1]
  .text              ro code   0x800'1078     0x4  startup_stm32f10x_cl.o [1]
  .text              ro code   0x800'107c     0x4  startup_stm32f10x_cl.o [1]
  .text              ro code   0x800'1080     0x4  startup_stm32f10x_cl.o [1]
  .text              ro code   0x800'1084     0x4  startup_stm32f10x_cl.o [1]
  .text              ro code   0x800'1088     0x4  startup_stm32f10x_cl.o [1]
  .text              ro code   0x800'108c     0x4  startup_stm32f10x_cl.o [1]
  .text              ro code   0x800'1090     0x4  startup_stm32f10x_cl.o [1]
  .text              ro code   0x800'1094     0x4  startup_stm32f10x_cl.o [1]
  .text              ro code   0x800'1098     0x4  startup_stm32f10x_cl.o [1]
  .text              ro code   0x800'109c     0x4  startup_stm32f10x_cl.o [1]
  .text              ro code   0x800'10a0     0x4  startup_stm32f10x_cl.o [1]
  .text              ro code   0x800'10a4     0x4  startup_stm32f10x_cl.o [1]
  .text              ro code   0x800'10a8     0x4  startup_stm32f10x_cl.o [1]
  .text              ro code   0x800'10ac     0x4  startup_stm32f10x_cl.o [1]
  .text              ro code   0x800'10b0     0x4  startup_stm32f10x_cl.o [1]
  .text              ro code   0x800'10b4     0x4  startup_stm32f10x_cl.o [1]
  .rodata            const     0x800'10b8     0x0  packbits_init_single.o [4]
  Initializer bytes  const     0x800'10b8    0x15  <for P2-1>
                             - 0x800'10cd   0xf7d

"P2", part 1 of 2:                           0x28
  P2-1                        0x2000'0000    0x28  <Init block>
    .data            inited   0x2000'0000    0x10  stm32f10x_rcc.o [1]
    .data            inited   0x2000'0010     0x4  stm32f10x_rcc.o [1]
    .bss             inited   0x2000'0014    0x14  main.o [1]
                            - 0x2000'0028    0x28

"P2", part 2 of 2:                         0x1000
  CSTACK                      0x2000'0028  0x1000  <Block>
    CSTACK           uninit   0x2000'0028  0x1000  <Block tail>
                            - 0x2000'1028  0x1000

Unused ranges:

         From           To      Size
         ----           --      ----
   0x800'10cd   0x803'ffff  0x3'ef33
  0x2000'1028  0x2000'ffff    0xefd8


*******************************************************************************
*** INIT TABLE
***

          Address      Size
          -------      ----
Copy/packbits (__iar_packbits_init_single3)
    1 source range, total size 0x15 (52% of destination):
           0x800'10b8  0x15
    1 destination range, total size 0x28:
          0x2000'0000  0x28



*******************************************************************************
*** MODULE SUMMARY
***

    Module                  ro code  ro data  rw data
    ------                  -------  -------  -------
command line/config:
    -------------------------------------------------
    Total:

C:\Users\tykr0\Desktop\termProject_controller2\Debug\Obj: [1]
    main.o                    1'184       11       20
    misc.o                      128
    startup_stm32f10x_cl.o      632
    stm32f10x_adc.o             416
    stm32f10x_dma.o             388
    stm32f10x_gpio.o            192
    stm32f10x_it.o               18
    stm32f10x_rcc.o             364       10       20
    stm32f10x_usart.o           422
    system_stm32f10x.o          336
    -------------------------------------------------
    Total:                    4'080       21       40

dl7M_tln.a: [2]
    exit.o                        4
    low_level_init.o              4
    -------------------------------------------------
    Total:                        8

m7M_tl.a: [3]
    -------------------------------------------------
    Total:

rt7M_tl.a: [4]
    cexit.o                      10
    cmain.o                      30
    cstartup_M.o                 12
    data_init.o                  40
    packbits_init_single.o       56
    -------------------------------------------------
    Total:                      148

shb_l.a: [5]
    exit.o                       20
    -------------------------------------------------
    Total:                       20

    Gaps                          8
    Linker created                        16    4'096
-----------------------------------------------------
    Grand Total:              4'264       37    4'136


*******************************************************************************
*** ENTRY LIST
***

Entry                       Address  Size  Type      Object
-----                       -------  ----  ----      ------
.iar.init_table$$Base    0x800'0f18         --   Gb  - Linker created -
.iar.init_table$$Limit   0x800'0f28         --   Gb  - Linker created -
?main                    0x800'0f29        Code  Gb  cmain.o [4]
ADCPrescTable           0x2000'0010   0x4  Data  Lc  stm32f10x_rcc.o [1]
ADC_Cmd                  0x800'0867  0x1a  Code  Gb  stm32f10x_adc.o [1]
ADC_Configure            0x800'028d  0xa8  Code  Gb  main.o [1]
ADC_DMACmd               0x800'0881  0x1a  Code  Gb  stm32f10x_adc.o [1]
ADC_GetCalibrationStatus
                         0x800'08c1  0x12  Code  Gb  stm32f10x_adc.o [1]
ADC_GetResetCalibrationStatus
                         0x800'08a5  0x12  Code  Gb  stm32f10x_adc.o [1]
ADC_Init                 0x800'081d  0x4a  Code  Gb  stm32f10x_adc.o [1]
ADC_RegularChannelConfig
                         0x800'08ed  0xc6  Code  Gb  stm32f10x_adc.o [1]
ADC_ResetCalibration     0x800'089b   0xa  Code  Gb  stm32f10x_adc.o [1]
ADC_SoftwareStartConvCmd
                         0x800'08d3  0x1a  Code  Gb  stm32f10x_adc.o [1]
ADC_StartCalibration     0x800'08b7   0xa  Code  Gb  stm32f10x_adc.o [1]
ADC_Value               0x2000'0014  0x14  Data  Gb  main.o [1]
APBAHBPrescTable        0x2000'0000  0x10  Data  Lc  stm32f10x_rcc.o [1]
BusFault_Handler         0x800'0f77   0x2  Code  Gb  stm32f10x_it.o [1]
CSTACK$$Base            0x2000'0028         --   Gb  - Linker created -
CSTACK$$Limit           0x2000'1028         --   Gb  - Linker created -
DMA_Cmd                  0x800'0aeb  0x1c  Code  Gb  stm32f10x_dma.o [1]
DMA_Configure            0x800'0335  0x52  Code  Gb  main.o [1]
DMA_DeInit               0x800'09bd  0xf2  Code  Gb  stm32f10x_dma.o [1]
DMA_Init                 0x800'0aaf  0x3c  Code  Gb  stm32f10x_dma.o [1]
DebugMon_Handler         0x800'0f7d   0x2  Code  Gb  stm32f10x_it.o [1]
Delay                    0x800'04bb   0xe  Code  Gb  main.o [1]
GPIO_Configure           0x800'01c9  0xc4  Code  Gb  main.o [1]
GPIO_Init                0x800'075d  0xc0  Code  Gb  stm32f10x_gpio.o [1]
HardFault_Handler        0x800'0f73   0x2  Code  Gb  stm32f10x_it.o [1]
MemManage_Handler        0x800'0f75   0x2  Code  Gb  stm32f10x_it.o [1]
NMI_Handler              0x800'0f71   0x2  Code  Gb  stm32f10x_it.o [1]
NVIC_Configure           0x800'0387  0x54  Code  Gb  main.o [1]
NVIC_Init                0x800'0b4b  0x60  Code  Gb  misc.o [1]
NVIC_PriorityGroupConfig
                         0x800'0b41   0xa  Code  Gb  misc.o [1]
PendSV_Handler           0x800'0f7f   0x2  Code  Gb  stm32f10x_it.o [1]
RCC_AHBPeriphClockCmd    0x800'06df  0x1c  Code  Gb  stm32f10x_rcc.o [1]
RCC_APB1PeriphClockCmd   0x800'0717  0x1c  Code  Gb  stm32f10x_rcc.o [1]
RCC_APB2PeriphClockCmd   0x800'06fb  0x1c  Code  Gb  stm32f10x_rcc.o [1]
RCC_Configure            0x800'016f  0x5a  Code  Gb  main.o [1]
RCC_GetClocksFreq        0x800'05f1  0xee  Code  Gb  stm32f10x_rcc.o [1]
Region$$Table$$Base      0x800'0f18         --   Gb  - Linker created -
Region$$Table$$Limit     0x800'0f28         --   Gb  - Linker created -
SVC_Handler              0x800'0f7b   0x2  Code  Gb  stm32f10x_it.o [1]
SetSysClock              0x800'0dbb   0x8  Code  Lc  system_stm32f10x.o [1]
SetSysClockTo72          0x800'0dc3  0xd2  Code  Lc  system_stm32f10x.o [1]
SysTick_Handler          0x800'0f81   0x2  Code  Gb  stm32f10x_it.o [1]
SystemInit               0x800'0d69  0x52  Code  Gb  system_stm32f10x.o [1]
USART1_IRQHandler        0x800'0467  0x2a  Code  Gb  main.o [1]
USART1_Init              0x800'03db  0x46  Code  Gb  main.o [1]
USART2_IRQHandler        0x800'0491  0x2a  Code  Gb  main.o [1]
USART2_Init              0x800'0421  0x46  Code  Gb  main.o [1]
USART_ClearITPendingBit
                         0x800'0d51  0x16  Code  Gb  stm32f10x_usart.o [1]
USART_Cmd                0x800'0c81  0x1c  Code  Gb  stm32f10x_usart.o [1]
USART_GetITStatus        0x800'0cf7  0x5a  Code  Gb  stm32f10x_usart.o [1]
USART_ITConfig           0x800'0c9d  0x4a  Code  Gb  stm32f10x_usart.o [1]
USART_Init               0x800'0bc1  0xb8  Code  Gb  stm32f10x_usart.o [1]
USART_ReceiveData        0x800'0cef   0x8  Code  Gb  stm32f10x_usart.o [1]
USART_SendData           0x800'0ce7   0x8  Code  Gb  stm32f10x_usart.o [1]
UsageFault_Handler       0x800'0f79   0x2  Code  Gb  stm32f10x_it.o [1]
__NVIC_EnableIRQ         0x800'0151  0x1e  Code  Lc  main.o [1]
__cmain                  0x800'0f29        Code  Gb  cmain.o [4]
__exit                   0x800'0f5d  0x14  Code  Gb  exit.o [5]
__iar_data_init3         0x800'0ef1  0x28  Code  Gb  data_init.o [4]
__iar_packbits_init_single3
                         0x800'0eb9  0x38  Code  Gb  packbits_init_single.o [4]
__iar_program_start      0x800'0f95        Code  Gb  cstartup_M.o [4]
__low_level_init         0x800'0f47   0x4  Code  Gb  low_level_init.o [2]
__vector_table           0x800'0000        Data  Gb  startup_stm32f10x_cl.o [1]
_call_main               0x800'0f35        Code  Gb  cmain.o [4]
_exit                    0x800'0f51        Code  Gb  cexit.o [4]
_main                    0x800'0f43        Code  Gb  cmain.o [4]
exit                     0x800'0f4b   0x4  Code  Gb  exit.o [2]
main                     0x800'0551  0x74  Code  Gb  main.o [1]
sendDataUART1            0x800'04c9  0x16  Code  Gb  main.o [1]
sendDataUART2            0x800'04df  0x16  Code  Gb  main.o [1]
sendU32DataUART2         0x800'04f5  0x5c  Code  Gb  main.o [1]


[1] = C:\Users\tykr0\Desktop\termProject_controller2\Debug\Obj
[2] = dl7M_tln.a
[3] = m7M_tl.a
[4] = rt7M_tl.a
[5] = shb_l.a

  4'264 bytes of readonly  code memory
     37 bytes of readonly  data memory
  4'136 bytes of readwrite data memory

Errors: none
Warnings: none
