###############################################################################
#
# IAR ELF Linker V8.50.6.265/W32 for ARM                  06/Dec/2020  19:24:47
# Copyright 2007-2020 IAR Systems AB.
#
#    Output file  =
#        C:\Users\tykr0\Desktop\termProject_RCcar\Debug\Exe\week9.out
#    Map file     =
#        C:\Users\tykr0\Desktop\termProject_RCcar\Debug\List\week9.map
#    Command line =
#        -f C:\Users\tykr0\AppData\Local\Temp\EW34EB.tmp
#        (C:\Users\tykr0\Desktop\termProject_RCcar\Debug\Obj\core_cm3.o
#        C:\Users\tykr0\Desktop\termProject_RCcar\Debug\Obj\lcd.o
#        C:\Users\tykr0\Desktop\termProject_RCcar\Debug\Obj\main.o
#        C:\Users\tykr0\Desktop\termProject_RCcar\Debug\Obj\misc.o
#        C:\Users\tykr0\Desktop\termProject_RCcar\Debug\Obj\startup_stm32f10x_cl.o
#        C:\Users\tykr0\Desktop\termProject_RCcar\Debug\Obj\stm32f10x_adc.o
#        C:\Users\tykr0\Desktop\termProject_RCcar\Debug\Obj\stm32f10x_bkp.o
#        C:\Users\tykr0\Desktop\termProject_RCcar\Debug\Obj\stm32f10x_can.o
#        C:\Users\tykr0\Desktop\termProject_RCcar\Debug\Obj\stm32f10x_cec.o
#        C:\Users\tykr0\Desktop\termProject_RCcar\Debug\Obj\stm32f10x_crc.o
#        C:\Users\tykr0\Desktop\termProject_RCcar\Debug\Obj\stm32f10x_dac.o
#        C:\Users\tykr0\Desktop\termProject_RCcar\Debug\Obj\stm32f10x_dbgmcu.o
#        C:\Users\tykr0\Desktop\termProject_RCcar\Debug\Obj\stm32f10x_dma.o
#        C:\Users\tykr0\Desktop\termProject_RCcar\Debug\Obj\stm32f10x_exti.o
#        C:\Users\tykr0\Desktop\termProject_RCcar\Debug\Obj\stm32f10x_flash.o
#        C:\Users\tykr0\Desktop\termProject_RCcar\Debug\Obj\stm32f10x_fsmc.o
#        C:\Users\tykr0\Desktop\termProject_RCcar\Debug\Obj\stm32f10x_gpio.o
#        C:\Users\tykr0\Desktop\termProject_RCcar\Debug\Obj\stm32f10x_i2c.o
#        C:\Users\tykr0\Desktop\termProject_RCcar\Debug\Obj\stm32f10x_it.o
#        C:\Users\tykr0\Desktop\termProject_RCcar\Debug\Obj\stm32f10x_iwdg.o
#        C:\Users\tykr0\Desktop\termProject_RCcar\Debug\Obj\stm32f10x_pwr.o
#        C:\Users\tykr0\Desktop\termProject_RCcar\Debug\Obj\stm32f10x_rcc.o
#        C:\Users\tykr0\Desktop\termProject_RCcar\Debug\Obj\stm32f10x_rtc.o
#        C:\Users\tykr0\Desktop\termProject_RCcar\Debug\Obj\stm32f10x_sdio.o
#        C:\Users\tykr0\Desktop\termProject_RCcar\Debug\Obj\stm32f10x_spi.o
#        C:\Users\tykr0\Desktop\termProject_RCcar\Debug\Obj\stm32f10x_tim.o
#        C:\Users\tykr0\Desktop\termProject_RCcar\Debug\Obj\stm32f10x_usart.o
#        C:\Users\tykr0\Desktop\termProject_RCcar\Debug\Obj\stm32f10x_wwdg.o
#        C:\Users\tykr0\Desktop\termProject_RCcar\Debug\Obj\system_stm32f10x.o
#        C:\Users\tykr0\Desktop\termProject_RCcar\Debug\Obj\touch.o
#        --no_out_extension -o
#        C:\Users\tykr0\Desktop\termProject_RCcar\Debug\Exe\week9.out --map
#        C:\Users\tykr0\Desktop\termProject_RCcar\Debug\List\week9.map --log
#        libraries,initialization,modules,redirects,sections,veneers,unused_fragments,call_graph
#        --log_file
#        C:\Users\tykr0\Desktop\termProject_RCcar\Debug\List\week9.log --config
#        "H:\Program Files\IAR Systems\Embedded Workbench
#        8.4\arm\config\linker\ST\stm32f107xC.icf" --semihosting --entry
#        __iar_program_start --vfe --text_out locale)
#
###############################################################################

*******************************************************************************
*** RUNTIME MODEL ATTRIBUTES
***

CppFlavor       = *
__SystemLibrary = DLib
__dlib_version  = 6


*******************************************************************************
*** HEAP SELECTION
***

The basic heap was selected because some modules are built with
size limitations (and not runtime checking), and --advanced_heap
was not specified.


*******************************************************************************
*** PLACEMENT SUMMARY
***

"A0":  place at address 0x800'0000 { ro section .intvec };
"P1":  place in [from 0x800'0000 to 0x803'ffff] { ro };
define block CSTACK with size = 4K, alignment = 8 { };
define block HEAP with size = 4K, alignment = 8 { };
"P2":  place in [from 0x2000'0000 to 0x2000'ffff] {
          rw, block CSTACK, block HEAP };

  Section          Kind         Address    Size  Object
  -------          ----         -------    ----  ------
"A0":                                     0x150
  .intvec          ro code   0x800'0000   0x150  startup_stm32f10x_cl.o [1]
                           - 0x800'0150   0x150

"P1":                                     0xc20
  .text            ro code   0x800'0150   0x2d8  main.o [1]
  .text            ro code   0x800'0428    0x60  stm32f10x_rcc.o [1]
  .text            ro code   0x800'0488    0xc0  stm32f10x_gpio.o [1]
  .text            ro code   0x800'0548   0x1a0  stm32f10x_adc.o [1]
  .text            ro code   0x800'06e8   0x1b0  stm32f10x_tim.o [1]
  .text            ro code   0x800'0898   0x184  stm32f10x_dma.o [1]
  .text            ro code   0x800'0a1c   0x150  system_stm32f10x.o [1]
  .text            ro code   0x800'0b6c    0x3a  zero_init3.o [4]
  .text            ro code   0x800'0ba8    0x28  data_init.o [4]
  .iar.init_table  const     0x800'0bd0    0x10  - Linker created -
  .text            ro code   0x800'0be0    0x1e  cmain.o [4]
  .text            ro code   0x800'0bfe     0x4  low_level_init.o [2]
  .text            ro code   0x800'0c02     0x4  exit.o [2]
  .text            ro code   0x800'0c08     0xa  cexit.o [4]
  .text            ro code   0x800'0c14    0x14  exit.o [5]
  .text            ro code   0x800'0c28    0x12  stm32f10x_it.o [1]
  .text            ro code   0x800'0c3c    0x10  startup_stm32f10x_cl.o [1]
  .text            ro code   0x800'0c4c     0xc  cstartup_M.o [4]
  .text            ro code   0x800'0c58     0x4  startup_stm32f10x_cl.o [1]
  .text            ro code   0x800'0c5c     0x4  startup_stm32f10x_cl.o [1]
  .text            ro code   0x800'0c60     0x4  startup_stm32f10x_cl.o [1]
  .text            ro code   0x800'0c64     0x4  startup_stm32f10x_cl.o [1]
  .text            ro code   0x800'0c68     0x4  startup_stm32f10x_cl.o [1]
  .text            ro code   0x800'0c6c     0x4  startup_stm32f10x_cl.o [1]
  .text            ro code   0x800'0c70     0x4  startup_stm32f10x_cl.o [1]
  .text            ro code   0x800'0c74     0x4  startup_stm32f10x_cl.o [1]
  .text            ro code   0x800'0c78     0x4  startup_stm32f10x_cl.o [1]
  .text            ro code   0x800'0c7c     0x4  startup_stm32f10x_cl.o [1]
  .text            ro code   0x800'0c80     0x4  startup_stm32f10x_cl.o [1]
  .text            ro code   0x800'0c84     0x4  startup_stm32f10x_cl.o [1]
  .text            ro code   0x800'0c88     0x4  startup_stm32f10x_cl.o [1]
  .text            ro code   0x800'0c8c     0x4  startup_stm32f10x_cl.o [1]
  .text            ro code   0x800'0c90     0x4  startup_stm32f10x_cl.o [1]
  .text            ro code   0x800'0c94     0x4  startup_stm32f10x_cl.o [1]
  .text            ro code   0x800'0c98     0x4  startup_stm32f10x_cl.o [1]
  .text            ro code   0x800'0c9c     0x4  startup_stm32f10x_cl.o [1]
  .text            ro code   0x800'0ca0     0x4  startup_stm32f10x_cl.o [1]
  .text            ro code   0x800'0ca4     0x4  startup_stm32f10x_cl.o [1]
  .text            ro code   0x800'0ca8     0x4  startup_stm32f10x_cl.o [1]
  .text            ro code   0x800'0cac     0x4  startup_stm32f10x_cl.o [1]
  .text            ro code   0x800'0cb0     0x4  startup_stm32f10x_cl.o [1]
  .text            ro code   0x800'0cb4     0x4  startup_stm32f10x_cl.o [1]
  .text            ro code   0x800'0cb8     0x4  startup_stm32f10x_cl.o [1]
  .text            ro code   0x800'0cbc     0x4  startup_stm32f10x_cl.o [1]
  .text            ro code   0x800'0cc0     0x4  startup_stm32f10x_cl.o [1]
  .text            ro code   0x800'0cc4     0x4  startup_stm32f10x_cl.o [1]
  .text            ro code   0x800'0cc8     0x4  startup_stm32f10x_cl.o [1]
  .text            ro code   0x800'0ccc     0x4  startup_stm32f10x_cl.o [1]
  .text            ro code   0x800'0cd0     0x4  startup_stm32f10x_cl.o [1]
  .text            ro code   0x800'0cd4     0x4  startup_stm32f10x_cl.o [1]
  .text            ro code   0x800'0cd8     0x4  startup_stm32f10x_cl.o [1]
  .text            ro code   0x800'0cdc     0x4  startup_stm32f10x_cl.o [1]
  .text            ro code   0x800'0ce0     0x4  startup_stm32f10x_cl.o [1]
  .text            ro code   0x800'0ce4     0x4  startup_stm32f10x_cl.o [1]
  .text            ro code   0x800'0ce8     0x4  startup_stm32f10x_cl.o [1]
  .text            ro code   0x800'0cec     0x4  startup_stm32f10x_cl.o [1]
  .text            ro code   0x800'0cf0     0x4  startup_stm32f10x_cl.o [1]
  .text            ro code   0x800'0cf4     0x4  startup_stm32f10x_cl.o [1]
  .text            ro code   0x800'0cf8     0x4  startup_stm32f10x_cl.o [1]
  .text            ro code   0x800'0cfc     0x4  startup_stm32f10x_cl.o [1]
  .text            ro code   0x800'0d00     0x4  startup_stm32f10x_cl.o [1]
  .text            ro code   0x800'0d04     0x4  startup_stm32f10x_cl.o [1]
  .text            ro code   0x800'0d08     0x4  startup_stm32f10x_cl.o [1]
  .text            ro code   0x800'0d0c     0x4  startup_stm32f10x_cl.o [1]
  .text            ro code   0x800'0d10     0x4  startup_stm32f10x_cl.o [1]
  .text            ro code   0x800'0d14     0x4  startup_stm32f10x_cl.o [1]
  .text            ro code   0x800'0d18     0x4  startup_stm32f10x_cl.o [1]
  .text            ro code   0x800'0d1c     0x4  startup_stm32f10x_cl.o [1]
  .text            ro code   0x800'0d20     0x4  startup_stm32f10x_cl.o [1]
  .text            ro code   0x800'0d24     0x4  startup_stm32f10x_cl.o [1]
  .text            ro code   0x800'0d28     0x4  startup_stm32f10x_cl.o [1]
  .text            ro code   0x800'0d2c     0x4  startup_stm32f10x_cl.o [1]
  .text            ro code   0x800'0d30     0x4  startup_stm32f10x_cl.o [1]
  .text            ro code   0x800'0d34     0x4  startup_stm32f10x_cl.o [1]
  .text            ro code   0x800'0d38     0x4  startup_stm32f10x_cl.o [1]
  .text            ro code   0x800'0d3c     0x4  startup_stm32f10x_cl.o [1]
  .text            ro code   0x800'0d40     0x4  startup_stm32f10x_cl.o [1]
  .text            ro code   0x800'0d44     0x4  startup_stm32f10x_cl.o [1]
  .text            ro code   0x800'0d48     0x4  startup_stm32f10x_cl.o [1]
  .text            ro code   0x800'0d4c     0x4  startup_stm32f10x_cl.o [1]
  .text            ro code   0x800'0d50     0x4  startup_stm32f10x_cl.o [1]
  .text            ro code   0x800'0d54     0x4  startup_stm32f10x_cl.o [1]
  .text            ro code   0x800'0d58     0x4  startup_stm32f10x_cl.o [1]
  .text            ro code   0x800'0d5c     0x4  startup_stm32f10x_cl.o [1]
  .text            ro code   0x800'0d60     0x4  startup_stm32f10x_cl.o [1]
  .text            ro code   0x800'0d64     0x4  startup_stm32f10x_cl.o [1]
  .text            ro code   0x800'0d68     0x4  startup_stm32f10x_cl.o [1]
  .text            ro code   0x800'0d6c     0x4  startup_stm32f10x_cl.o [1]
  .rodata          const     0x800'0d70     0x0  zero_init3.o [4]
                           - 0x800'0d70   0xc20

"P2", part 1 of 2:                          0x4
  .bss             zero     0x2000'0000     0x4  main.o [1]
                          - 0x2000'0004     0x4

"P2", part 2 of 2:                       0x1000
  CSTACK                    0x2000'0008  0x1000  <Block>
    CSTACK         uninit   0x2000'0008  0x1000  <Block tail>
                          - 0x2000'1008  0x1000

Unused ranges:

         From           To      Size
         ----           --      ----
   0x800'0d70   0x803'ffff  0x3'f290
  0x2000'0004  0x2000'0007       0x4
  0x2000'1008  0x2000'ffff    0xeff8


*******************************************************************************
*** INIT TABLE
***

          Address      Size
          -------      ----
Zero (__iar_zero_init3)
    1 destination range, total size 0x4:
          0x2000'0000   0x4



*******************************************************************************
*** MODULE SUMMARY
***

    Module                  ro code  ro data  rw data
    ------                  -------  -------  -------
command line/config:
    -------------------------------------------------
    Total:

C:\Users\tykr0\Desktop\termProject_RCcar\Debug\Obj: [1]
    main.o                      728                 4
    startup_stm32f10x_cl.o      632
    stm32f10x_adc.o             416
    stm32f10x_dma.o             388
    stm32f10x_gpio.o            192
    stm32f10x_it.o               18
    stm32f10x_rcc.o              96
    stm32f10x_tim.o             432
    system_stm32f10x.o          336
    -------------------------------------------------
    Total:                    3'238                 4

dl7M_tln.a: [2]
    exit.o                        4
    low_level_init.o              4
    -------------------------------------------------
    Total:                        8

m7M_tl.a: [3]
    -------------------------------------------------
    Total:

rt7M_tl.a: [4]
    cexit.o                      10
    cmain.o                      30
    cstartup_M.o                 12
    data_init.o                  40
    zero_init3.o                 58
    -------------------------------------------------
    Total:                      150

shb_l.a: [5]
    exit.o                       20
    -------------------------------------------------
    Total:                       20

    Gaps                          8
    Linker created                        16    4'096
-----------------------------------------------------
    Grand Total:              3'424       16    4'100


*******************************************************************************
*** ENTRY LIST
***

Entry                       Address  Size  Type      Object
-----                       -------  ----  ----      ------
.iar.init_table$$Base    0x800'0bd0         --   Gb  - Linker created -
.iar.init_table$$Limit   0x800'0be0         --   Gb  - Linker created -
?main                    0x800'0be1        Code  Gb  cmain.o [4]
ADC_Cmd                  0x800'0593  0x1a  Code  Gb  stm32f10x_adc.o [1]
ADC_Configure            0x800'0225  0x76  Code  Gb  main.o [1]
ADC_DMACmd               0x800'05ad  0x1a  Code  Gb  stm32f10x_adc.o [1]
ADC_GetCalibrationStatus
                         0x800'05ed  0x12  Code  Gb  stm32f10x_adc.o [1]
ADC_GetResetCalibrationStatus
                         0x800'05d1  0x12  Code  Gb  stm32f10x_adc.o [1]
ADC_Init                 0x800'0549  0x4a  Code  Gb  stm32f10x_adc.o [1]
ADC_RegularChannelConfig
                         0x800'0619  0xc6  Code  Gb  stm32f10x_adc.o [1]
ADC_ResetCalibration     0x800'05c7   0xa  Code  Gb  stm32f10x_adc.o [1]
ADC_SoftwareStartConvCmd
                         0x800'05ff  0x1a  Code  Gb  stm32f10x_adc.o [1]
ADC_StartCalibration     0x800'05e3   0xa  Code  Gb  stm32f10x_adc.o [1]
ADC_Value               0x2000'0000   0x4  Data  Gb  main.o [1]
BusFault_Handler         0x800'0c2f   0x2  Code  Gb  stm32f10x_it.o [1]
CSTACK$$Base            0x2000'0008         --   Gb  - Linker created -
CSTACK$$Limit           0x2000'1008         --   Gb  - Linker created -
DMA_Cmd                  0x800'09c7  0x1c  Code  Gb  stm32f10x_dma.o [1]
DMA_Configure            0x800'0339  0x52  Code  Gb  main.o [1]
DMA_DeInit               0x800'0899  0xf2  Code  Gb  stm32f10x_dma.o [1]
DMA_Init                 0x800'098b  0x3c  Code  Gb  stm32f10x_dma.o [1]
DebugMon_Handler         0x800'0c35   0x2  Code  Gb  stm32f10x_it.o [1]
GPIO_Configure           0x800'0199  0x8c  Code  Gb  main.o [1]
GPIO_Init                0x800'0489  0xc0  Code  Gb  stm32f10x_gpio.o [1]
HardFault_Handler        0x800'0c2b   0x2  Code  Gb  stm32f10x_it.o [1]
MemManage_Handler        0x800'0c2d   0x2  Code  Gb  stm32f10x_it.o [1]
NMI_Handler              0x800'0c29   0x2  Code  Gb  stm32f10x_it.o [1]
PendSV_Handler           0x800'0c37   0x2  Code  Gb  stm32f10x_it.o [1]
RCC_AHBPeriphClockCmd    0x800'0429  0x1c  Code  Gb  stm32f10x_rcc.o [1]
RCC_APB1PeriphClockCmd   0x800'0461  0x1c  Code  Gb  stm32f10x_rcc.o [1]
RCC_APB2PeriphClockCmd   0x800'0445  0x1c  Code  Gb  stm32f10x_rcc.o [1]
RCC_Configure            0x800'0151  0x48  Code  Gb  main.o [1]
Region$$Table$$Base      0x800'0bd0         --   Gb  - Linker created -
Region$$Table$$Limit     0x800'0be0         --   Gb  - Linker created -
SVC_Handler              0x800'0c33   0x2  Code  Gb  stm32f10x_it.o [1]
SetSysClock              0x800'0a6f   0x8  Code  Lc  system_stm32f10x.o [1]
SetSysClockTo72          0x800'0a77  0xd2  Code  Lc  system_stm32f10x.o [1]
SysTick_Handler          0x800'0c39   0x2  Code  Gb  stm32f10x_it.o [1]
SystemInit               0x800'0a1d  0x52  Code  Gb  system_stm32f10x.o [1]
TIM_ARRPreloadConfig     0x800'0839  0x1c  Code  Gb  stm32f10x_tim.o [1]
TIM_Cmd                  0x800'0805  0x1c  Code  Gb  stm32f10x_tim.o [1]
TIM_Configure            0x800'029b  0x44  Code  Gb  main.o [1]
TIM_ITConfig             0x800'0821  0x18  Code  Gb  stm32f10x_tim.o [1]
TIM_OC2Init              0x800'077b  0x8a  Code  Gb  stm32f10x_tim.o [1]
TIM_OC2PreloadConfig     0x800'0855  0x12  Code  Gb  stm32f10x_tim.o [1]
TIM_PWM_Configure        0x800'02df  0x5a  Code  Gb  main.o [1]
TIM_SetCompare2          0x800'0867   0x4  Code  Gb  stm32f10x_tim.o [1]
TIM_TimeBaseInit         0x800'06e9  0x92  Code  Gb  stm32f10x_tim.o [1]
UsageFault_Handler       0x800'0c31   0x2  Code  Gb  stm32f10x_it.o [1]
__cmain                  0x800'0be1        Code  Gb  cmain.o [4]
__exit                   0x800'0c15  0x14  Code  Gb  exit.o [5]
__iar_data_init3         0x800'0ba9  0x28  Code  Gb  data_init.o [4]
__iar_program_start      0x800'0c4d        Code  Gb  cstartup_M.o [4]
__iar_zero_init3         0x800'0b6d  0x3a  Code  Gb  zero_init3.o [4]
__low_level_init         0x800'0bff   0x4  Code  Gb  low_level_init.o [2]
__vector_table           0x800'0000        Data  Gb  startup_stm32f10x_cl.o [1]
_call_main               0x800'0bed        Code  Gb  cmain.o [4]
_exit                    0x800'0c09        Code  Gb  cexit.o [4]
_main                    0x800'0bfb        Code  Gb  cmain.o [4]
delay                    0x800'038b   0xe  Code  Gb  main.o [1]
exit                     0x800'0c03   0x4  Code  Gb  exit.o [2]
main                     0x800'0399  0x72  Code  Gb  main.o [1]


[1] = C:\Users\tykr0\Desktop\termProject_RCcar\Debug\Obj
[2] = dl7M_tln.a
[3] = m7M_tl.a
[4] = rt7M_tl.a
[5] = shb_l.a

  3'424 bytes of readonly  code memory
     16 bytes of readonly  data memory
  4'100 bytes of readwrite data memory

Errors: none
Warnings: none
