###############################################################################
#
# IAR ELF Linker V8.50.6.265/W32 for ARM                  19/Dec/2020  15:58:32
# Copyright 2007-2020 IAR Systems AB.
#
#    Output file  =
#        C:\Users\tykr0\Desktop\termProject_RCcar\Debug\Exe\week9.out
#    Map file     =
#        C:\Users\tykr0\Desktop\termProject_RCcar\Debug\List\week9.map
#    Command line =
#        -f C:\Users\tykr0\AppData\Local\Temp\EWD7D6.tmp
#        (C:\Users\tykr0\Desktop\termProject_RCcar\Debug\Obj\core_cm3.o
#        C:\Users\tykr0\Desktop\termProject_RCcar\Debug\Obj\lcd.o
#        C:\Users\tykr0\Desktop\termProject_RCcar\Debug\Obj\main.o
#        C:\Users\tykr0\Desktop\termProject_RCcar\Debug\Obj\misc.o
#        C:\Users\tykr0\Desktop\termProject_RCcar\Debug\Obj\startup_stm32f10x_cl.o
#        C:\Users\tykr0\Desktop\termProject_RCcar\Debug\Obj\stm32f10x_adc.o
#        C:\Users\tykr0\Desktop\termProject_RCcar\Debug\Obj\stm32f10x_bkp.o
#        C:\Users\tykr0\Desktop\termProject_RCcar\Debug\Obj\stm32f10x_can.o
#        C:\Users\tykr0\Desktop\termProject_RCcar\Debug\Obj\stm32f10x_cec.o
#        C:\Users\tykr0\Desktop\termProject_RCcar\Debug\Obj\stm32f10x_crc.o
#        C:\Users\tykr0\Desktop\termProject_RCcar\Debug\Obj\stm32f10x_dac.o
#        C:\Users\tykr0\Desktop\termProject_RCcar\Debug\Obj\stm32f10x_dbgmcu.o
#        C:\Users\tykr0\Desktop\termProject_RCcar\Debug\Obj\stm32f10x_dma.o
#        C:\Users\tykr0\Desktop\termProject_RCcar\Debug\Obj\stm32f10x_exti.o
#        C:\Users\tykr0\Desktop\termProject_RCcar\Debug\Obj\stm32f10x_flash.o
#        C:\Users\tykr0\Desktop\termProject_RCcar\Debug\Obj\stm32f10x_fsmc.o
#        C:\Users\tykr0\Desktop\termProject_RCcar\Debug\Obj\stm32f10x_gpio.o
#        C:\Users\tykr0\Desktop\termProject_RCcar\Debug\Obj\stm32f10x_i2c.o
#        C:\Users\tykr0\Desktop\termProject_RCcar\Debug\Obj\stm32f10x_it.o
#        C:\Users\tykr0\Desktop\termProject_RCcar\Debug\Obj\stm32f10x_iwdg.o
#        C:\Users\tykr0\Desktop\termProject_RCcar\Debug\Obj\stm32f10x_pwr.o
#        C:\Users\tykr0\Desktop\termProject_RCcar\Debug\Obj\stm32f10x_rcc.o
#        C:\Users\tykr0\Desktop\termProject_RCcar\Debug\Obj\stm32f10x_rtc.o
#        C:\Users\tykr0\Desktop\termProject_RCcar\Debug\Obj\stm32f10x_sdio.o
#        C:\Users\tykr0\Desktop\termProject_RCcar\Debug\Obj\stm32f10x_spi.o
#        C:\Users\tykr0\Desktop\termProject_RCcar\Debug\Obj\stm32f10x_tim.o
#        C:\Users\tykr0\Desktop\termProject_RCcar\Debug\Obj\stm32f10x_usart.o
#        C:\Users\tykr0\Desktop\termProject_RCcar\Debug\Obj\stm32f10x_wwdg.o
#        C:\Users\tykr0\Desktop\termProject_RCcar\Debug\Obj\system_stm32f10x.o
#        C:\Users\tykr0\Desktop\termProject_RCcar\Debug\Obj\touch.o
#        --no_out_extension -o
#        C:\Users\tykr0\Desktop\termProject_RCcar\Debug\Exe\week9.out --map
#        C:\Users\tykr0\Desktop\termProject_RCcar\Debug\List\week9.map --log
#        libraries,initialization,modules,redirects,sections,veneers,unused_fragments,call_graph
#        --log_file
#        C:\Users\tykr0\Desktop\termProject_RCcar\Debug\List\week9.log --config
#        "H:\Program Files\IAR Systems\Embedded Workbench
#        8.4\arm\config\linker\ST\stm32f107xC.icf" --semihosting --entry
#        __iar_program_start --vfe --text_out locale)
#
###############################################################################

*******************************************************************************
*** RUNTIME MODEL ATTRIBUTES
***

CppFlavor       = *
__SystemLibrary = DLib
__dlib_version  = 6


*******************************************************************************
*** HEAP SELECTION
***

The basic heap was selected because some modules are built with
size limitations (and not runtime checking), and --advanced_heap
was not specified.


*******************************************************************************
*** PLACEMENT SUMMARY
***

"A0":  place at address 0x800'0000 { ro section .intvec };
"P1":  place in [from 0x800'0000 to 0x803'ffff] { ro };
define block CSTACK with size = 4K, alignment = 8 { };
define block HEAP with size = 4K, alignment = 8 { };
"P2":  place in [from 0x2000'0000 to 0x2000'ffff] {
          rw, block CSTACK, block HEAP };
initialize by copy { rw };

  Section            Kind         Address    Size  Object
  -------            ----         -------    ----  ------
"A0":                                       0x150
  .intvec            ro code   0x800'0000   0x150  startup_stm32f10x_cl.o [1]
                             - 0x800'0150   0x150

"P1":                                       0xa18
  .text              ro code   0x800'0150   0x278  main.o [1]
  .text              ro code   0x800'03c8   0x14c  stm32f10x_rcc.o [1]
  .text              ro code   0x800'0514    0xc0  stm32f10x_gpio.o [1]
  .text              ro code   0x800'05d4   0x1a6  stm32f10x_usart.o [1]
  .text              ro code   0x800'077a    0x2e  copy_init3.o [4]
  .text              ro code   0x800'07a8    0x80  misc.o [1]
  .text              ro code   0x800'0828   0x150  system_stm32f10x.o [1]
  .text              ro code   0x800'0978    0x28  data_init.o [4]
  .iar.init_table    const     0x800'09a0    0x14  - Linker created -
  .text              ro code   0x800'09b4    0x1e  cmain.o [4]
  .text              ro code   0x800'09d2     0x4  low_level_init.o [2]
  .text              ro code   0x800'09d6     0x4  exit.o [2]
  .text              ro code   0x800'09dc     0xa  cexit.o [4]
  .text              ro code   0x800'09e8    0x14  exit.o [5]
  Initializer bytes  const     0x800'09fc    0x14  <for P2-1>
  .text              ro code   0x800'0a10    0x12  stm32f10x_it.o [1]
  .rodata            const     0x800'0a24    0x10  main.o [1]
  .text              ro code   0x800'0a34    0x10  startup_stm32f10x_cl.o [1]
  .text              ro code   0x800'0a44     0xc  cstartup_M.o [4]
  .text              ro code   0x800'0a50     0x4  startup_stm32f10x_cl.o [1]
  .text              ro code   0x800'0a54     0x4  startup_stm32f10x_cl.o [1]
  .text              ro code   0x800'0a58     0x4  startup_stm32f10x_cl.o [1]
  .text              ro code   0x800'0a5c     0x4  startup_stm32f10x_cl.o [1]
  .text              ro code   0x800'0a60     0x4  startup_stm32f10x_cl.o [1]
  .text              ro code   0x800'0a64     0x4  startup_stm32f10x_cl.o [1]
  .text              ro code   0x800'0a68     0x4  startup_stm32f10x_cl.o [1]
  .text              ro code   0x800'0a6c     0x4  startup_stm32f10x_cl.o [1]
  .text              ro code   0x800'0a70     0x4  startup_stm32f10x_cl.o [1]
  .text              ro code   0x800'0a74     0x4  startup_stm32f10x_cl.o [1]
  .text              ro code   0x800'0a78     0x4  startup_stm32f10x_cl.o [1]
  .text              ro code   0x800'0a7c     0x4  startup_stm32f10x_cl.o [1]
  .text              ro code   0x800'0a80     0x4  startup_stm32f10x_cl.o [1]
  .text              ro code   0x800'0a84     0x4  startup_stm32f10x_cl.o [1]
  .text              ro code   0x800'0a88     0x4  startup_stm32f10x_cl.o [1]
  .text              ro code   0x800'0a8c     0x4  startup_stm32f10x_cl.o [1]
  .text              ro code   0x800'0a90     0x4  startup_stm32f10x_cl.o [1]
  .text              ro code   0x800'0a94     0x4  startup_stm32f10x_cl.o [1]
  .text              ro code   0x800'0a98     0x4  startup_stm32f10x_cl.o [1]
  .text              ro code   0x800'0a9c     0x4  startup_stm32f10x_cl.o [1]
  .text              ro code   0x800'0aa0     0x4  startup_stm32f10x_cl.o [1]
  .text              ro code   0x800'0aa4     0x4  startup_stm32f10x_cl.o [1]
  .text              ro code   0x800'0aa8     0x4  startup_stm32f10x_cl.o [1]
  .text              ro code   0x800'0aac     0x4  startup_stm32f10x_cl.o [1]
  .text              ro code   0x800'0ab0     0x4  startup_stm32f10x_cl.o [1]
  .text              ro code   0x800'0ab4     0x4  startup_stm32f10x_cl.o [1]
  .text              ro code   0x800'0ab8     0x4  startup_stm32f10x_cl.o [1]
  .text              ro code   0x800'0abc     0x4  startup_stm32f10x_cl.o [1]
  .text              ro code   0x800'0ac0     0x4  startup_stm32f10x_cl.o [1]
  .text              ro code   0x800'0ac4     0x4  startup_stm32f10x_cl.o [1]
  .text              ro code   0x800'0ac8     0x4  startup_stm32f10x_cl.o [1]
  .text              ro code   0x800'0acc     0x4  startup_stm32f10x_cl.o [1]
  .text              ro code   0x800'0ad0     0x4  startup_stm32f10x_cl.o [1]
  .text              ro code   0x800'0ad4     0x4  startup_stm32f10x_cl.o [1]
  .text              ro code   0x800'0ad8     0x4  startup_stm32f10x_cl.o [1]
  .text              ro code   0x800'0adc     0x4  startup_stm32f10x_cl.o [1]
  .text              ro code   0x800'0ae0     0x4  startup_stm32f10x_cl.o [1]
  .text              ro code   0x800'0ae4     0x4  startup_stm32f10x_cl.o [1]
  .text              ro code   0x800'0ae8     0x4  startup_stm32f10x_cl.o [1]
  .text              ro code   0x800'0aec     0x4  startup_stm32f10x_cl.o [1]
  .text              ro code   0x800'0af0     0x4  startup_stm32f10x_cl.o [1]
  .text              ro code   0x800'0af4     0x4  startup_stm32f10x_cl.o [1]
  .text              ro code   0x800'0af8     0x4  startup_stm32f10x_cl.o [1]
  .text              ro code   0x800'0afc     0x4  startup_stm32f10x_cl.o [1]
  .text              ro code   0x800'0b00     0x4  startup_stm32f10x_cl.o [1]
  .text              ro code   0x800'0b04     0x4  startup_stm32f10x_cl.o [1]
  .text              ro code   0x800'0b08     0x4  startup_stm32f10x_cl.o [1]
  .text              ro code   0x800'0b0c     0x4  startup_stm32f10x_cl.o [1]
  .text              ro code   0x800'0b10     0x4  startup_stm32f10x_cl.o [1]
  .text              ro code   0x800'0b14     0x4  startup_stm32f10x_cl.o [1]
  .text              ro code   0x800'0b18     0x4  startup_stm32f10x_cl.o [1]
  .text              ro code   0x800'0b1c     0x4  startup_stm32f10x_cl.o [1]
  .text              ro code   0x800'0b20     0x4  startup_stm32f10x_cl.o [1]
  .text              ro code   0x800'0b24     0x4  startup_stm32f10x_cl.o [1]
  .text              ro code   0x800'0b28     0x4  startup_stm32f10x_cl.o [1]
  .text              ro code   0x800'0b2c     0x4  startup_stm32f10x_cl.o [1]
  .text              ro code   0x800'0b30     0x4  startup_stm32f10x_cl.o [1]
  .text              ro code   0x800'0b34     0x4  startup_stm32f10x_cl.o [1]
  .text              ro code   0x800'0b38     0x4  startup_stm32f10x_cl.o [1]
  .text              ro code   0x800'0b3c     0x4  startup_stm32f10x_cl.o [1]
  .text              ro code   0x800'0b40     0x4  startup_stm32f10x_cl.o [1]
  .text              ro code   0x800'0b44     0x4  startup_stm32f10x_cl.o [1]
  .text              ro code   0x800'0b48     0x4  startup_stm32f10x_cl.o [1]
  .text              ro code   0x800'0b4c     0x4  startup_stm32f10x_cl.o [1]
  .text              ro code   0x800'0b50     0x4  startup_stm32f10x_cl.o [1]
  .text              ro code   0x800'0b54     0x4  startup_stm32f10x_cl.o [1]
  .text              ro code   0x800'0b58     0x4  startup_stm32f10x_cl.o [1]
  .text              ro code   0x800'0b5c     0x4  startup_stm32f10x_cl.o [1]
  .text              ro code   0x800'0b60     0x4  startup_stm32f10x_cl.o [1]
  .text              ro code   0x800'0b64     0x4  startup_stm32f10x_cl.o [1]
  .rodata            const     0x800'0b68     0x0  copy_init3.o [4]
                             - 0x800'0b68   0xa18

"P2", part 1 of 2:                           0x14
  P2-1                        0x2000'0000    0x14  <Init block>
    .data            inited   0x2000'0000    0x10  stm32f10x_rcc.o [1]
    .data            inited   0x2000'0010     0x4  stm32f10x_rcc.o [1]
                            - 0x2000'0014    0x14

"P2", part 2 of 2:                         0x1000
  CSTACK                      0x2000'0018  0x1000  <Block>
    CSTACK           uninit   0x2000'0018  0x1000  <Block tail>
                            - 0x2000'1018  0x1000

Unused ranges:

         From           To      Size
         ----           --      ----
   0x800'0b68   0x803'ffff  0x3'f498
  0x2000'0014  0x2000'0017       0x4
  0x2000'1018  0x2000'ffff    0xefe8


*******************************************************************************
*** INIT TABLE
***

          Address      Size
          -------      ----
Copy (__iar_copy_init3)
    1 source range, total size 0x14:
           0x800'09fc  0x14
    1 destination range, total size 0x14:
          0x2000'0000  0x14



*******************************************************************************
*** MODULE SUMMARY
***

    Module                  ro code  ro data  rw data
    ------                  -------  -------  -------
command line/config:
    -------------------------------------------------
    Total:

C:\Users\tykr0\Desktop\termProject_RCcar\Debug\Obj: [1]
    main.o                      632       16
    misc.o                      128
    startup_stm32f10x_cl.o      632
    stm32f10x_gpio.o            192
    stm32f10x_it.o               18
    stm32f10x_rcc.o             332       20       20
    stm32f10x_usart.o           422
    system_stm32f10x.o          336
    -------------------------------------------------
    Total:                    2'692       36       20

dl7M_tln.a: [2]
    exit.o                        4
    low_level_init.o              4
    -------------------------------------------------
    Total:                        8

m7M_tl.a: [3]
    -------------------------------------------------
    Total:

rt7M_tl.a: [4]
    cexit.o                      10
    cmain.o                      30
    copy_init3.o                 46
    cstartup_M.o                 12
    data_init.o                  40
    -------------------------------------------------
    Total:                      138

shb_l.a: [5]
    exit.o                       20
    -------------------------------------------------
    Total:                       20

    Gaps                          4        2
    Linker created                        20    4'096
-----------------------------------------------------
    Grand Total:              2'862       58    4'116


*******************************************************************************
*** ENTRY LIST
***

Entry                       Address  Size  Type      Object
-----                       -------  ----  ----      ------
.iar.init_table$$Base    0x800'09a0         --   Gb  - Linker created -
.iar.init_table$$Limit   0x800'09b4         --   Gb  - Linker created -
?main                    0x800'09b5        Code  Gb  cmain.o [4]
ADCPrescTable           0x2000'0010   0x4  Data  Lc  stm32f10x_rcc.o [1]
APBAHBPrescTable        0x2000'0000  0x10  Data  Lc  stm32f10x_rcc.o [1]
BusFault_Handler         0x800'0a17   0x2  Code  Gb  stm32f10x_it.o [1]
CSTACK$$Base            0x2000'0018         --   Gb  - Linker created -
CSTACK$$Limit           0x2000'1018         --   Gb  - Linker created -
DebugMon_Handler         0x800'0a1d   0x2  Code  Gb  stm32f10x_it.o [1]
Delay                    0x800'033b   0xe  Code  Gb  main.o [1]
GPIO_Configure           0x800'0195  0x72  Code  Gb  main.o [1]
GPIO_Init                0x800'0515  0xc0  Code  Gb  stm32f10x_gpio.o [1]
HardFault_Handler        0x800'0a13   0x2  Code  Gb  stm32f10x_it.o [1]
MemManage_Handler        0x800'0a15   0x2  Code  Gb  stm32f10x_it.o [1]
NMI_Handler              0x800'0a11   0x2  Code  Gb  stm32f10x_it.o [1]
NVIC_Configure           0x800'0293  0x54  Code  Gb  main.o [1]
NVIC_Init                0x800'07b3  0x60  Code  Gb  misc.o [1]
NVIC_PriorityGroupConfig
                         0x800'07a9   0xa  Code  Gb  misc.o [1]
PendSV_Handler           0x800'0a1f   0x2  Code  Gb  stm32f10x_it.o [1]
RCC_APB1PeriphClockCmd   0x800'04d3  0x1c  Code  Gb  stm32f10x_rcc.o [1]
RCC_APB2PeriphClockCmd   0x800'04b7  0x1c  Code  Gb  stm32f10x_rcc.o [1]
RCC_Configure            0x800'016d  0x28  Code  Gb  main.o [1]
RCC_GetClocksFreq        0x800'03c9  0xee  Code  Gb  stm32f10x_rcc.o [1]
Region$$Table$$Base      0x800'09a0         --   Gb  - Linker created -
Region$$Table$$Limit     0x800'09b4         --   Gb  - Linker created -
SVC_Handler              0x800'0a1b   0x2  Code  Gb  stm32f10x_it.o [1]
SetSysClock              0x800'087b   0x8  Code  Lc  system_stm32f10x.o [1]
SetSysClockTo72          0x800'0883  0xd2  Code  Lc  system_stm32f10x.o [1]
SysTick_Handler          0x800'0a21   0x2  Code  Gb  stm32f10x_it.o [1]
SystemInit               0x800'0829  0x52  Code  Gb  system_stm32f10x.o [1]
USART1_IRQHandler        0x800'02e7  0x2a  Code  Gb  main.o [1]
USART1_Init              0x800'0207  0x46  Code  Gb  main.o [1]
USART2_IRQHandler        0x800'0311  0x2a  Code  Gb  main.o [1]
USART2_Init              0x800'024d  0x46  Code  Gb  main.o [1]
USART_ClearITPendingBit
                         0x800'0765  0x16  Code  Gb  stm32f10x_usart.o [1]
USART_Cmd                0x800'0695  0x1c  Code  Gb  stm32f10x_usart.o [1]
USART_GetITStatus        0x800'070b  0x5a  Code  Gb  stm32f10x_usart.o [1]
USART_ITConfig           0x800'06b1  0x4a  Code  Gb  stm32f10x_usart.o [1]
USART_Init               0x800'05d5  0xb8  Code  Gb  stm32f10x_usart.o [1]
USART_ReceiveData        0x800'0703   0x8  Code  Gb  stm32f10x_usart.o [1]
USART_SendData           0x800'06fb   0x8  Code  Gb  stm32f10x_usart.o [1]
UsageFault_Handler       0x800'0a19   0x2  Code  Gb  stm32f10x_it.o [1]
__NVIC_EnableIRQ         0x800'0151  0x1c  Code  Lc  main.o [1]
__cmain                  0x800'09b5        Code  Gb  cmain.o [4]
__exit                   0x800'09e9  0x14  Code  Gb  exit.o [5]
__iar_copy_init3         0x800'077b  0x2e  Code  Gb  copy_init3.o [4]
__iar_data_init3         0x800'0979  0x28  Code  Gb  data_init.o [4]
__iar_program_start      0x800'0a45        Code  Gb  cstartup_M.o [4]
__low_level_init         0x800'09d3   0x4  Code  Gb  low_level_init.o [2]
__vector_table           0x800'0000        Data  Gb  startup_stm32f10x_cl.o [1]
_call_main               0x800'09c1        Code  Gb  cmain.o [4]
_exit                    0x800'09dd        Code  Gb  cexit.o [4]
_main                    0x800'09cf        Code  Gb  cmain.o [4]
exit                     0x800'09d7   0x4  Code  Gb  exit.o [2]
main                     0x800'0375  0x3c  Code  Gb  main.o [1]
msg                      0x800'0a24  0x10  Data  Gb  main.o [1]
sendDataUART1            0x800'0349  0x16  Code  Gb  main.o [1]
sendDataUART2            0x800'035f  0x16  Code  Gb  main.o [1]


[1] = C:\Users\tykr0\Desktop\termProject_RCcar\Debug\Obj
[2] = dl7M_tln.a
[3] = m7M_tl.a
[4] = rt7M_tl.a
[5] = shb_l.a

  2'862 bytes of readonly  code memory
     58 bytes of readonly  data memory
  4'116 bytes of readwrite data memory

Errors: none
Warnings: none
