###############################################################################
#
# IAR ELF Linker V8.50.6.265/W32 for ARM                  06/Dec/2020  17:27:01
# Copyright 2007-2020 IAR Systems AB.
#
#    Output file  =
#        C:\Users\tykr0\Desktop\termProject_controller\Debug\Exe\week9.out
#    Map file     =
#        C:\Users\tykr0\Desktop\termProject_controller\Debug\List\week9.map
#    Command line =
#        -f C:\Users\tykr0\AppData\Local\Temp\EW5DBE.tmp
#        (C:\Users\tykr0\Desktop\termProject_controller\Debug\Obj\core_cm3.o
#        C:\Users\tykr0\Desktop\termProject_controller\Debug\Obj\lcd.o
#        C:\Users\tykr0\Desktop\termProject_controller\Debug\Obj\main.o
#        C:\Users\tykr0\Desktop\termProject_controller\Debug\Obj\misc.o
#        C:\Users\tykr0\Desktop\termProject_controller\Debug\Obj\startup_stm32f10x_cl.o
#        C:\Users\tykr0\Desktop\termProject_controller\Debug\Obj\stm32f10x_adc.o
#        C:\Users\tykr0\Desktop\termProject_controller\Debug\Obj\stm32f10x_bkp.o
#        C:\Users\tykr0\Desktop\termProject_controller\Debug\Obj\stm32f10x_can.o
#        C:\Users\tykr0\Desktop\termProject_controller\Debug\Obj\stm32f10x_cec.o
#        C:\Users\tykr0\Desktop\termProject_controller\Debug\Obj\stm32f10x_crc.o
#        C:\Users\tykr0\Desktop\termProject_controller\Debug\Obj\stm32f10x_dac.o
#        C:\Users\tykr0\Desktop\termProject_controller\Debug\Obj\stm32f10x_dbgmcu.o
#        C:\Users\tykr0\Desktop\termProject_controller\Debug\Obj\stm32f10x_dma.o
#        C:\Users\tykr0\Desktop\termProject_controller\Debug\Obj\stm32f10x_exti.o
#        C:\Users\tykr0\Desktop\termProject_controller\Debug\Obj\stm32f10x_flash.o
#        C:\Users\tykr0\Desktop\termProject_controller\Debug\Obj\stm32f10x_fsmc.o
#        C:\Users\tykr0\Desktop\termProject_controller\Debug\Obj\stm32f10x_gpio.o
#        C:\Users\tykr0\Desktop\termProject_controller\Debug\Obj\stm32f10x_i2c.o
#        C:\Users\tykr0\Desktop\termProject_controller\Debug\Obj\stm32f10x_it.o
#        C:\Users\tykr0\Desktop\termProject_controller\Debug\Obj\stm32f10x_iwdg.o
#        C:\Users\tykr0\Desktop\termProject_controller\Debug\Obj\stm32f10x_pwr.o
#        C:\Users\tykr0\Desktop\termProject_controller\Debug\Obj\stm32f10x_rcc.o
#        C:\Users\tykr0\Desktop\termProject_controller\Debug\Obj\stm32f10x_rtc.o
#        C:\Users\tykr0\Desktop\termProject_controller\Debug\Obj\stm32f10x_sdio.o
#        C:\Users\tykr0\Desktop\termProject_controller\Debug\Obj\stm32f10x_spi.o
#        C:\Users\tykr0\Desktop\termProject_controller\Debug\Obj\stm32f10x_tim.o
#        C:\Users\tykr0\Desktop\termProject_controller\Debug\Obj\stm32f10x_usart.o
#        C:\Users\tykr0\Desktop\termProject_controller\Debug\Obj\stm32f10x_wwdg.o
#        C:\Users\tykr0\Desktop\termProject_controller\Debug\Obj\system_stm32f10x.o
#        C:\Users\tykr0\Desktop\termProject_controller\Debug\Obj\touch.o
#        --no_out_extension -o
#        C:\Users\tykr0\Desktop\termProject_controller\Debug\Exe\week9.out
#        --map
#        C:\Users\tykr0\Desktop\termProject_controller\Debug\List\week9.map
#        --log
#        libraries,initialization,modules,redirects,sections,veneers,unused_fragments,call_graph
#        --log_file
#        C:\Users\tykr0\Desktop\termProject_controller\Debug\List\week9.log
#        --config "H:\Program Files\IAR Systems\Embedded Workbench
#        8.4\arm\config\linker\ST\stm32f103xB.icf" --semihosting --entry
#        __iar_program_start --vfe --text_out locale)
#
###############################################################################

*******************************************************************************
*** RUNTIME MODEL ATTRIBUTES
***

CppFlavor       = *
__SystemLibrary = DLib
__dlib_version  = 6


*******************************************************************************
*** HEAP SELECTION
***

The basic heap was selected because some modules are built with
size limitations (and not runtime checking), and --advanced_heap
was not specified.


*******************************************************************************
*** PLACEMENT SUMMARY
***

"A0":  place at address 0x800'0000 { ro section .intvec };
"P1":  place in [from 0x800'0000 to 0x801'ffff] { ro };
define block CSTACK with size = 2K, alignment = 8 { };
define block HEAP with size = 2K, alignment = 8 { };
"P2":  place in [from 0x2000'0000 to 0x2000'4fff] {
          rw, block CSTACK, block HEAP };
initialize by copy { rw };

  Section            Kind         Address    Size  Object
  -------            ----         -------    ----  ------
"A0":                                       0x150
  .intvec            ro code   0x800'0000   0x150  startup_stm32f10x_cl.o [1]
                             - 0x800'0150   0x150

"P1":                                      0x31a5
  .text              ro code   0x800'0150   0xc3c  lcd.o [1]
  .text              ro code   0x800'0d8c    0xd8  stm32f10x_gpio.o [1]
  .text              ro code   0x800'0e64    0x20  stm32f10x_rcc.o [1]
  .text              ro code   0x800'0e84     0x8  abs.o [2]
  .text              ro code   0x800'0e8c   0x744  touch.o [1]
  .text              ro code   0x800'15d0    0x1c  U32ToFlt.o [3]
  .text              ro code   0x800'15ec    0xd8  FltMul.o [3]
  .text              ro code   0x800'16c4    0x24  S32ToFlt.o [3]
  .text              ro code   0x800'16e8    0xe2  FltAdd.o [3]
  .text              ro code   0x800'17cc    0x2a  FltToS32.o [3]
  .text              ro code   0x800'17f8    0x1a  U32ToDbl.o [3]
  .text              ro code   0x800'1814    0xf2  sqrt.o [3]
  .text              ro code   0x800'1908    0x3a  DblToS32.o [3]
  .text              ro code   0x800'1944    0xfc  FltDiv.o [3]
  .text              ro code   0x800'1a40    0x24  FltCmpLe.o [3]
  .text              ro code   0x800'1a64    0x24  FltCmpGe.o [3]
  .text              ro code   0x800'1a88    0x80  FltSub.o [3]
  .rodata            const     0x800'1b08   0x5f0  lcd.o [1]
  .rodata            const     0x800'20f8   0x594  lcd.o [1]
  .rodata            const     0x800'268c   0x474  lcd.o [1]
  .text              ro code   0x800'2b00   0x238  main.o [1]
  .text              ro code   0x800'2d38    0x80  misc.o [1]
  .text              ro code   0x800'2db8   0x1de  stm32f10x_adc.o [1]
  .text              ro code   0x800'2f98   0x150  system_stm32f10x.o [1]
  .text              ro code   0x800'30e8    0x38  packbits_init_single.o [4]
  .text              ro code   0x800'3120    0x28  data_init.o [4]
  .iar.init_table    const     0x800'3148    0x10  - Linker created -
  .text              ro code   0x800'3158    0x1e  cmain.o [4]
  .text              ro code   0x800'3176     0x4  low_level_init.o [2]
  .text              ro code   0x800'317a     0x4  exit.o [2]
  .text              ro code   0x800'3180     0xa  cexit.o [4]
  .text              ro code   0x800'318c    0x14  exit.o [5]
  .text              ro code   0x800'31a0    0x12  stm32f10x_it.o [1]
  .text              ro code   0x800'31b4    0x10  startup_stm32f10x_cl.o [1]
  .text              ro code   0x800'31c4     0xc  cstartup_M.o [4]
  .text              ro code   0x800'31d0     0x4  startup_stm32f10x_cl.o [1]
  .text              ro code   0x800'31d4     0x4  startup_stm32f10x_cl.o [1]
  .text              ro code   0x800'31d8     0x4  startup_stm32f10x_cl.o [1]
  .text              ro code   0x800'31dc     0x4  startup_stm32f10x_cl.o [1]
  .text              ro code   0x800'31e0     0x4  startup_stm32f10x_cl.o [1]
  .text              ro code   0x800'31e4     0x4  startup_stm32f10x_cl.o [1]
  .text              ro code   0x800'31e8     0x4  startup_stm32f10x_cl.o [1]
  .text              ro code   0x800'31ec     0x4  startup_stm32f10x_cl.o [1]
  .text              ro code   0x800'31f0     0x4  startup_stm32f10x_cl.o [1]
  .text              ro code   0x800'31f4     0x4  startup_stm32f10x_cl.o [1]
  .text              ro code   0x800'31f8     0x4  startup_stm32f10x_cl.o [1]
  .text              ro code   0x800'31fc     0x4  startup_stm32f10x_cl.o [1]
  .text              ro code   0x800'3200     0x4  startup_stm32f10x_cl.o [1]
  .text              ro code   0x800'3204     0x4  startup_stm32f10x_cl.o [1]
  .text              ro code   0x800'3208     0x4  startup_stm32f10x_cl.o [1]
  .text              ro code   0x800'320c     0x4  startup_stm32f10x_cl.o [1]
  .text              ro code   0x800'3210     0x4  startup_stm32f10x_cl.o [1]
  .text              ro code   0x800'3214     0x4  startup_stm32f10x_cl.o [1]
  .text              ro code   0x800'3218     0x4  startup_stm32f10x_cl.o [1]
  .text              ro code   0x800'321c     0x4  startup_stm32f10x_cl.o [1]
  .text              ro code   0x800'3220     0x4  startup_stm32f10x_cl.o [1]
  .text              ro code   0x800'3224     0x4  startup_stm32f10x_cl.o [1]
  .text              ro code   0x800'3228     0x4  startup_stm32f10x_cl.o [1]
  .text              ro code   0x800'322c     0x4  startup_stm32f10x_cl.o [1]
  .text              ro code   0x800'3230     0x4  startup_stm32f10x_cl.o [1]
  .text              ro code   0x800'3234     0x4  startup_stm32f10x_cl.o [1]
  .text              ro code   0x800'3238     0x4  startup_stm32f10x_cl.o [1]
  .text              ro code   0x800'323c     0x4  startup_stm32f10x_cl.o [1]
  .text              ro code   0x800'3240     0x4  startup_stm32f10x_cl.o [1]
  .text              ro code   0x800'3244     0x4  startup_stm32f10x_cl.o [1]
  .text              ro code   0x800'3248     0x4  startup_stm32f10x_cl.o [1]
  .text              ro code   0x800'324c     0x4  startup_stm32f10x_cl.o [1]
  .text              ro code   0x800'3250     0x4  startup_stm32f10x_cl.o [1]
  .text              ro code   0x800'3254     0x4  startup_stm32f10x_cl.o [1]
  .text              ro code   0x800'3258     0x4  startup_stm32f10x_cl.o [1]
  .text              ro code   0x800'325c     0x4  startup_stm32f10x_cl.o [1]
  .text              ro code   0x800'3260     0x4  startup_stm32f10x_cl.o [1]
  .text              ro code   0x800'3264     0x4  startup_stm32f10x_cl.o [1]
  .text              ro code   0x800'3268     0x4  startup_stm32f10x_cl.o [1]
  .text              ro code   0x800'326c     0x4  startup_stm32f10x_cl.o [1]
  .text              ro code   0x800'3270     0x4  startup_stm32f10x_cl.o [1]
  .text              ro code   0x800'3274     0x4  startup_stm32f10x_cl.o [1]
  .text              ro code   0x800'3278     0x4  startup_stm32f10x_cl.o [1]
  .text              ro code   0x800'327c     0x4  startup_stm32f10x_cl.o [1]
  .text              ro code   0x800'3280     0x4  startup_stm32f10x_cl.o [1]
  .text              ro code   0x800'3284     0x4  startup_stm32f10x_cl.o [1]
  .text              ro code   0x800'3288     0x4  startup_stm32f10x_cl.o [1]
  .text              ro code   0x800'328c     0x4  startup_stm32f10x_cl.o [1]
  .text              ro code   0x800'3290     0x4  startup_stm32f10x_cl.o [1]
  .text              ro code   0x800'3294     0x4  startup_stm32f10x_cl.o [1]
  .text              ro code   0x800'3298     0x4  startup_stm32f10x_cl.o [1]
  .text              ro code   0x800'329c     0x4  startup_stm32f10x_cl.o [1]
  .text              ro code   0x800'32a0     0x4  startup_stm32f10x_cl.o [1]
  .text              ro code   0x800'32a4     0x4  startup_stm32f10x_cl.o [1]
  .text              ro code   0x800'32a8     0x4  startup_stm32f10x_cl.o [1]
  .text              ro code   0x800'32ac     0x4  startup_stm32f10x_cl.o [1]
  .text              ro code   0x800'32b0     0x4  startup_stm32f10x_cl.o [1]
  .text              ro code   0x800'32b4     0x4  startup_stm32f10x_cl.o [1]
  .text              ro code   0x800'32b8     0x4  startup_stm32f10x_cl.o [1]
  .text              ro code   0x800'32bc     0x4  startup_stm32f10x_cl.o [1]
  .text              ro code   0x800'32c0     0x4  startup_stm32f10x_cl.o [1]
  .text              ro code   0x800'32c4     0x4  startup_stm32f10x_cl.o [1]
  .text              ro code   0x800'32c8     0x4  startup_stm32f10x_cl.o [1]
  .text              ro code   0x800'32cc     0x4  startup_stm32f10x_cl.o [1]
  .text              ro code   0x800'32d0     0x4  startup_stm32f10x_cl.o [1]
  .text              ro code   0x800'32d4     0x4  startup_stm32f10x_cl.o [1]
  .text              ro code   0x800'32d8     0x4  startup_stm32f10x_cl.o [1]
  .text              ro code   0x800'32dc     0x4  startup_stm32f10x_cl.o [1]
  .text              ro code   0x800'32e0     0x4  startup_stm32f10x_cl.o [1]
  .text              ro code   0x800'32e4     0x4  startup_stm32f10x_cl.o [1]
  .rodata            const     0x800'32e8     0x0  packbits_init_single.o [4]
  Initializer bytes  const     0x800'32e8     0xd  <for P2-1>
                             - 0x800'32f5  0x31a5

"P2", part 1 of 2:                           0x20
  P2-1                        0x2000'0000    0x20  <Init block>
    .data            inited   0x2000'0000     0xc  main.o [1]
    .bss             inited   0x2000'000c     0x4  touch.o [1]
    .bss             inited   0x2000'0010     0x4  touch.o [1]
    .bss             inited   0x2000'0014     0x2  lcd.o [1]
    .bss             inited   0x2000'0016     0x2  main.o [1]
    .bss             inited   0x2000'0018     0x2  main.o [1]
    .bss             inited   0x2000'001a     0x2  main.o [1]
    .bss             inited   0x2000'001c     0x2  touch.o [1]
    .bss             inited   0x2000'001e     0x2  touch.o [1]
                            - 0x2000'0020    0x20

"P2", part 2 of 2:                          0x800
  CSTACK                      0x2000'0020   0x800  <Block>
    CSTACK           uninit   0x2000'0020   0x800  <Block tail>
                            - 0x2000'0820   0x800

Unused ranges:

         From           To      Size
         ----           --      ----
   0x800'32f5   0x801'ffff  0x1'cd0b
  0x2000'0820  0x2000'4fff    0x47e0


*******************************************************************************
*** INIT TABLE
***

          Address      Size
          -------      ----
Copy/packbits (__iar_packbits_init_single3)
    1 source range, total size 0xd (40% of destination):
           0x800'32e8   0xd
    1 destination range, total size 0x20:
          0x2000'0000  0x20



*******************************************************************************
*** MODULE SUMMARY
***

    Module                  ro code  ro data  rw data
    ------                  -------  -------  -------
command line/config:
    -------------------------------------------------
    Total:

C:\Users\tykr0\Desktop\termProject_controller\Debug\Obj: [1]
    lcd.o                     3'132    4'088        2
    main.o                      568        7       18
    misc.o                      128
    startup_stm32f10x_cl.o      632
    stm32f10x_adc.o             478
    stm32f10x_gpio.o            216
    stm32f10x_it.o               18
    stm32f10x_rcc.o              32
    system_stm32f10x.o          336
    touch.o                   1'860        6       12
    -------------------------------------------------
    Total:                    7'400    4'101       32

dl7M_tln.a: [2]
    abs.o                         8
    exit.o                        4
    low_level_init.o              4
    -------------------------------------------------
    Total:                       16

m7M_tl.a: [3]
    DblToS32.o                   58
    FltAdd.o                    226
    FltCmpGe.o                   36
    FltCmpLe.o                   36
    FltDiv.o                    252
    FltMul.o                    216
    FltSub.o                    128
    FltToS32.o                   42
    S32ToFlt.o                   36
    U32ToDbl.o                   26
    U32ToFlt.o                   28
    sqrt.o                      242
    -------------------------------------------------
    Total:                    1'326

rt7M_tl.a: [4]
    cexit.o                      10
    cmain.o                      30
    cstartup_M.o                 12
    data_init.o                  40
    packbits_init_single.o       56
    -------------------------------------------------
    Total:                      148

shb_l.a: [5]
    exit.o                       20
    -------------------------------------------------
    Total:                       20

    Gaps                         18
    Linker created                        16    2'048
-----------------------------------------------------
    Grand Total:              8'928    4'117    2'080


*******************************************************************************
*** ENTRY LIST
***

Entry                       Address   Size  Type      Object
-----                       -------   ----  ----      ------
.iar.init_table$$Base    0x800'3148          --   Gb  - Linker created -
.iar.init_table$$Limit   0x800'3158          --   Gb  - Linker created -
?main                    0x800'3159         Code  Gb  cmain.o [4]
ADC1_2_IRQHandler        0x800'2c43   0x28  Code  Gb  main.o [1]
ADC_ClearITPendingBit    0x800'2f89    0xe  Code  Gb  stm32f10x_adc.o [1]
ADC_Cmd                  0x800'2e03   0x1a  Code  Gb  stm32f10x_adc.o [1]
ADC_Configure            0x800'2bc9   0x7a  Code  Gb  main.o [1]
ADC_GetCalibrationStatus
                         0x800'2e61   0x12  Code  Gb  stm32f10x_adc.o [1]
ADC_GetConversionValue   0x800'2f53    0x6  Code  Gb  stm32f10x_adc.o [1]
ADC_GetITStatus          0x800'2f61   0x28  Code  Gb  stm32f10x_adc.o [1]
ADC_GetResetCalibrationStatus
                         0x800'2e45   0x12  Code  Gb  stm32f10x_adc.o [1]
ADC_ITConfig             0x800'2e1d   0x1e  Code  Gb  stm32f10x_adc.o [1]
ADC_Init                 0x800'2db9   0x4a  Code  Gb  stm32f10x_adc.o [1]
ADC_RegularChannelConfig
                         0x800'2e8d   0xc6  Code  Gb  stm32f10x_adc.o [1]
ADC_ResetCalibration     0x800'2e3b    0xa  Code  Gb  stm32f10x_adc.o [1]
ADC_SoftwareStartConvCmd
                         0x800'2e73   0x1a  Code  Gb  stm32f10x_adc.o [1]
ADC_StartCalibration     0x800'2e57    0xa  Code  Gb  stm32f10x_adc.o [1]
ADS_Read_AD              0x800'0edd   0x76  Code  Gb  touch.o [1]
ADS_Read_XY              0x800'0f53   0xa4  Code  Gb  touch.o [1]
ADS_Write_Byte           0x800'0e8d   0x4e  Code  Gb  touch.o [1]
BusFault_Handler         0x800'31a7    0x2  Code  Gb  stm32f10x_it.o [1]
CSTACK$$Base            0x2000'0020          --   Gb  - Linker created -
CSTACK$$Limit           0x2000'0820          --   Gb  - Linker created -
Convert_Pos              0x800'1273   0x58  Code  Gb  touch.o [1]
DebugMon_Handler         0x800'31ad    0x2  Code  Gb  stm32f10x_it.o [1]
DeviceCode              0x2000'0014    0x2  Data  Gb  lcd.o [1]
Drow_Touch_Point         0x800'11ff   0x68  Code  Gb  touch.o [1]
GBHZ_16                  0x800'20f8  0x594  Data  Gb  lcd.o [1]
GPIO_Configure           0x800'2b2f   0x70  Code  Gb  main.o [1]
GPIO_Init                0x800'0d8d   0xc0  Code  Gb  stm32f10x_gpio.o [1]
GPIO_ReadInputData       0x800'0e4d    0x6  Code  Gb  stm32f10x_gpio.o [1]
GPIO_ResetBits           0x800'0e59    0x6  Code  Gb  stm32f10x_gpio.o [1]
GPIO_SetBits             0x800'0e53    0x6  Code  Gb  stm32f10x_gpio.o [1]
GPIO_Write               0x800'0e5f    0x6  Code  Gb  stm32f10x_gpio.o [1]
HardFault_Handler        0x800'31a3    0x2  Code  Gb  stm32f10x_it.o [1]
LCD_Clear                0x800'06b5   0x28  Code  Gb  lcd.o [1]
LCD_Configuration        0x800'02cd   0x74  Code  Lc  lcd.o [1]
LCD_Delay                0x800'0341   0x26  Code  Lc  lcd.o [1]
LCD_DrawCircle           0x800'0883   0xcc  Code  Gb  lcd.o [1]
LCD_DrawLine             0x800'0773  0x110  Code  Gb  lcd.o [1]
LCD_DrawPoint            0x800'075b   0x18  Code  Gb  lcd.o [1]
LCD_Init                 0x800'037f  0x336  Code  Gb  lcd.o [1]
LCD_ReadReg              0x800'021d   0x88  Code  Lc  lcd.o [1]
LCD_SetCursor            0x800'06dd   0x3e  Code  Gb  lcd.o [1]
LCD_ShowChar             0x800'094f  0x100  Code  Gb  lcd.o [1]
LCD_ShowCharString       0x800'0a4f   0x58  Code  Gb  lcd.o [1]
LCD_ShowHzString         0x800'0d0f   0x62  Code  Gb  lcd.o [1]
LCD_ShowNum              0x800'0aa7   0xe8  Code  Gb  lcd.o [1]
LCD_ShowString           0x800'0b8f   0x5e  Code  Gb  lcd.o [1]
LCD_WR_DATA              0x800'01b7   0x66  Code  Lc  lcd.o [1]
LCD_WR_REG               0x800'0151   0x66  Code  Lc  lcd.o [1]
LCD_WindowMax            0x800'071b   0x40  Code  Gb  lcd.o [1]
LCD_WriteRAM             0x800'02c3    0xa  Code  Lc  lcd.o [1]
LCD_WriteRAM_Prepare     0x800'02b9    0xa  Code  Lc  lcd.o [1]
LCD_WriteReg             0x800'02a5   0x14  Code  Lc  lcd.o [1]
MemManage_Handler        0x800'31a5    0x2  Code  Gb  stm32f10x_it.o [1]
NMI_Handler              0x800'31a1    0x2  Code  Gb  stm32f10x_it.o [1]
NVIC_Configure           0x800'2b9f   0x2a  Code  Gb  main.o [1]
NVIC_Init                0x800'2d43   0x60  Code  Gb  misc.o [1]
NVIC_PriorityGroupConfig
                         0x800'2d39    0xa  Code  Gb  misc.o [1]
PendSV_Handler           0x800'31af    0x2  Code  Gb  stm32f10x_it.o [1]
PosX                    0x2000'0018    0x2  Data  Gb  main.o [1]
PosY                    0x2000'001a    0x2  Data  Gb  main.o [1]
RCC_APB2PeriphClockCmd   0x800'0e65   0x1c  Code  Gb  stm32f10x_rcc.o [1]
RCC_Configure            0x800'2b01   0x2e  Code  Gb  main.o [1]
Read_ADSX                0x800'0ff7   0x1c  Code  Gb  touch.o [1]
Read_ADSY                0x800'1013   0x1c  Code  Gb  touch.o [1]
Refreshes_Screen         0x800'1267    0xc  Code  Gb  touch.o [1]
Region$$Table$$Base      0x800'3148          --   Gb  - Linker created -
Region$$Table$$Limit     0x800'3158          --   Gb  - Linker created -
SVC_Handler              0x800'31ab    0x2  Code  Gb  stm32f10x_it.o [1]
SetSysClock              0x800'2feb    0x8  Code  Lc  system_stm32f10x.o [1]
SetSysClockTo72          0x800'2ff3   0xd2  Code  Lc  system_stm32f10x.o [1]
SysTick_Handler          0x800'31b1    0x2  Code  Gb  stm32f10x_it.o [1]
SystemInit               0x800'2f99   0x52  Code  Gb  system_stm32f10x.o [1]
Touch_Adjust             0x800'12cb  0x2ce  Code  Gb  touch.o [1]
Touch_Configuration      0x800'11af   0x50  Code  Gb  touch.o [1]
Touch_GetXY              0x800'116f   0x40  Code  Gb  touch.o [1]
Touch_GexX               0x800'102f   0xa0  Code  Gb  touch.o [1]
Touch_GexY               0x800'10cf   0xa0  Code  Gb  touch.o [1]
UsageFault_Handler       0x800'31a9    0x2  Code  Gb  stm32f10x_it.o [1]
WriteOneHz               0x800'0c31   0xde  Code  Lc  lcd.o [1]
__aeabi_cfcmple          0x800'1a41         Code  Gb  FltCmpLe.o [3]
__aeabi_cfrcmple         0x800'1a65         Code  Gb  FltCmpGe.o [3]
__aeabi_d2iz             0x800'1909         Code  Gb  DblToS32.o [3]
__aeabi_f2iz             0x800'17cd         Code  Gb  FltToS32.o [3]
__aeabi_fadd             0x800'16e9         Code  Gb  FltAdd.o [3]
__aeabi_fdiv             0x800'1945         Code  Gb  FltDiv.o [3]
__aeabi_fmul             0x800'15ed         Code  Gb  FltMul.o [3]
__aeabi_fsub             0x800'1a89         Code  Gb  FltSub.o [3]
__aeabi_i2f              0x800'16c5         Code  Gb  S32ToFlt.o [3]
__aeabi_ui2d             0x800'17f9         Code  Gb  U32ToDbl.o [3]
__aeabi_ui2f             0x800'15d1         Code  Gb  U32ToFlt.o [3]
__cmain                  0x800'3159         Code  Gb  cmain.o [4]
__exit                   0x800'318d   0x14  Code  Gb  exit.o [5]
__iar_data_init3         0x800'3121   0x28  Code  Gb  data_init.o [4]
__iar_fadd               0x800'1a95         Code  Gb  FltSub.o [3]
__iar_fsub               0x800'16f5         Code  Gb  FltAdd.o [3]
__iar_fsubStart          0x800'1705         Code  Gb  FltAdd.o [3]
__iar_packbits_init_single3
                         0x800'30e9   0x38  Code  Gb  packbits_init_single.o [4]
__iar_program_start      0x800'31c5         Code  Gb  cstartup_M.o [4]
__iar_sqrt64             0x800'1815         Code  Gb  sqrt.o [3]
__low_level_init         0x800'3177    0x4  Code  Gb  low_level_init.o [2]
__vector_table           0x800'0000         Data  Gb  startup_stm32f10x_cl.o [1]
_call_main               0x800'3165         Code  Gb  cmain.o [4]
_exit                    0x800'3181         Code  Gb  cexit.o [4]
_main                    0x800'3173         Code  Gb  cmain.o [4]
abs                      0x800'0e85    0x8  Code  Gb  abs.o [2]
asc2_1206                0x800'268c  0x474  Data  Gb  lcd.o [1]
asc2_1608                0x800'1b08  0x5f0  Data  Gb  lcd.o [1]
exit                     0x800'317b    0x4  Code  Gb  exit.o [2]
findHzIndex              0x800'0bed   0x44  Code  Lc  lcd.o [1]
main                     0x800'2c6b   0xa6  Code  Gb  main.o [1]
mypow                    0x800'0367   0x18  Code  Lc  lcd.o [1]
sqrt                     0x800'1815         Code  Gb  sqrt.o [3]
sqrtl                    0x800'1815         Code  Gb  sqrt.o [3]
team                    0x2000'0000    0xc  Data  Gb  main.o [1]
value                   0x2000'0016    0x2  Data  Gb  main.o [1]
xfac                    0x2000'000c    0x4  Data  Gb  touch.o [1]
xoff                    0x2000'001c    0x2  Data  Gb  touch.o [1]
yfac                    0x2000'0010    0x4  Data  Gb  touch.o [1]
yoff                    0x2000'001e    0x2  Data  Gb  touch.o [1]


[1] = C:\Users\tykr0\Desktop\termProject_controller\Debug\Obj
[2] = dl7M_tln.a
[3] = m7M_tl.a
[4] = rt7M_tl.a
[5] = shb_l.a

  8'928 bytes of readonly  code memory
  4'117 bytes of readonly  data memory
  2'080 bytes of readwrite data memory

Errors: none
Warnings: none
