###############################################################################
#
# IAR ELF Linker V8.50.6.265/W32 for ARM                  20/Dec/2020  16:48:32
# Copyright 2007-2020 IAR Systems AB.
#
#    Output file  =
#        C:\Users\tykr0\Desktop\termProject_controller\Debug\Exe\week9.out
#    Map file     =
#        C:\Users\tykr0\Desktop\termProject_controller\Debug\List\week9.map
#    Command line =
#        -f C:\Users\tykr0\AppData\Local\Temp\EWF933.tmp
#        (C:\Users\tykr0\Desktop\termProject_controller\Debug\Obj\core_cm3.o
#        C:\Users\tykr0\Desktop\termProject_controller\Debug\Obj\lcd.o
#        C:\Users\tykr0\Desktop\termProject_controller\Debug\Obj\main.o
#        C:\Users\tykr0\Desktop\termProject_controller\Debug\Obj\misc.o
#        C:\Users\tykr0\Desktop\termProject_controller\Debug\Obj\startup_stm32f10x_cl.o
#        C:\Users\tykr0\Desktop\termProject_controller\Debug\Obj\stm32f10x_adc.o
#        C:\Users\tykr0\Desktop\termProject_controller\Debug\Obj\stm32f10x_bkp.o
#        C:\Users\tykr0\Desktop\termProject_controller\Debug\Obj\stm32f10x_can.o
#        C:\Users\tykr0\Desktop\termProject_controller\Debug\Obj\stm32f10x_cec.o
#        C:\Users\tykr0\Desktop\termProject_controller\Debug\Obj\stm32f10x_crc.o
#        C:\Users\tykr0\Desktop\termProject_controller\Debug\Obj\stm32f10x_dac.o
#        C:\Users\tykr0\Desktop\termProject_controller\Debug\Obj\stm32f10x_dbgmcu.o
#        C:\Users\tykr0\Desktop\termProject_controller\Debug\Obj\stm32f10x_dma.o
#        C:\Users\tykr0\Desktop\termProject_controller\Debug\Obj\stm32f10x_exti.o
#        C:\Users\tykr0\Desktop\termProject_controller\Debug\Obj\stm32f10x_flash.o
#        C:\Users\tykr0\Desktop\termProject_controller\Debug\Obj\stm32f10x_fsmc.o
#        C:\Users\tykr0\Desktop\termProject_controller\Debug\Obj\stm32f10x_gpio.o
#        C:\Users\tykr0\Desktop\termProject_controller\Debug\Obj\stm32f10x_i2c.o
#        C:\Users\tykr0\Desktop\termProject_controller\Debug\Obj\stm32f10x_it.o
#        C:\Users\tykr0\Desktop\termProject_controller\Debug\Obj\stm32f10x_iwdg.o
#        C:\Users\tykr0\Desktop\termProject_controller\Debug\Obj\stm32f10x_pwr.o
#        C:\Users\tykr0\Desktop\termProject_controller\Debug\Obj\stm32f10x_rcc.o
#        C:\Users\tykr0\Desktop\termProject_controller\Debug\Obj\stm32f10x_rtc.o
#        C:\Users\tykr0\Desktop\termProject_controller\Debug\Obj\stm32f10x_sdio.o
#        C:\Users\tykr0\Desktop\termProject_controller\Debug\Obj\stm32f10x_spi.o
#        C:\Users\tykr0\Desktop\termProject_controller\Debug\Obj\stm32f10x_tim.o
#        C:\Users\tykr0\Desktop\termProject_controller\Debug\Obj\stm32f10x_usart.o
#        C:\Users\tykr0\Desktop\termProject_controller\Debug\Obj\stm32f10x_wwdg.o
#        C:\Users\tykr0\Desktop\termProject_controller\Debug\Obj\system_stm32f10x.o
#        C:\Users\tykr0\Desktop\termProject_controller\Debug\Obj\touch.o
#        --no_out_extension -o
#        C:\Users\tykr0\Desktop\termProject_controller\Debug\Exe\week9.out
#        --map
#        C:\Users\tykr0\Desktop\termProject_controller\Debug\List\week9.map
#        --log
#        libraries,initialization,modules,redirects,sections,veneers,unused_fragments,call_graph
#        --log_file
#        C:\Users\tykr0\Desktop\termProject_controller\Debug\List\week9.log
#        --config "H:\Program Files\IAR Systems\Embedded Workbench
#        8.4\arm\config\linker\ST\stm32f103x8.icf" --semihosting --entry
#        __iar_program_start --vfe --text_out locale)
#
###############################################################################

*******************************************************************************
*** RUNTIME MODEL ATTRIBUTES
***

CppFlavor       = *
__SystemLibrary = DLib
__dlib_version  = 6


*******************************************************************************
*** HEAP SELECTION
***

The basic heap was selected because some modules are built with
size limitations (and not runtime checking), and --advanced_heap
was not specified.


*******************************************************************************
*** PLACEMENT SUMMARY
***

"A0":  place at address 0x800'0000 { ro section .intvec };
"P1":  place in [from 0x800'0000 to 0x800'ffff] { ro };
define block CSTACK with size = 2K, alignment = 8 { };
define block HEAP with size = 2K, alignment = 8 { };
"P2":  place in [from 0x2000'0000 to 0x2000'4fff] {
          rw, block CSTACK, block HEAP };

No sections matched the following patterns:

  rw  in "P2"


  Section   Kind         Address   Size  Object
  -------   ----         -------   ----  ------
"A0":                             0x150
  .intvec   ro code   0x800'0000  0x150  startup_stm32f10x_cl.o [1]
                    - 0x800'0150  0x150

"P1":                             0x5fc
  .text     ro code   0x800'0150  0x190  main.o [1]
  .text     ro code   0x800'02e0   0x40  stm32f10x_rcc.o [1]
  .text     ro code   0x800'0320   0xcc  stm32f10x_gpio.o [1]
  .text     ro code   0x800'03ec   0x80  stm32f10x_usart.o [1]
  .text     ro code   0x800'046c  0x150  system_stm32f10x.o [1]
  .text     ro code   0x800'05bc   0x1e  cmain.o [4]
  .text     ro code   0x800'05da    0x4  low_level_init.o [2]
  .text     ro code   0x800'05de    0x4  exit.o [2]
  .text     ro code   0x800'05e4    0xa  cexit.o [4]
  .text     ro code   0x800'05f0   0x14  exit.o [5]
  .text     ro code   0x800'0604   0x12  stm32f10x_it.o [1]
  .text     ro code   0x800'0618   0x10  startup_stm32f10x_cl.o [1]
  .text     ro code   0x800'0628    0xc  cstartup_M.o [4]
  .text     ro code   0x800'0634    0x4  startup_stm32f10x_cl.o [1]
  .text     ro code   0x800'0638    0x4  startup_stm32f10x_cl.o [1]
  .text     ro code   0x800'063c    0x4  startup_stm32f10x_cl.o [1]
  .text     ro code   0x800'0640    0x4  startup_stm32f10x_cl.o [1]
  .text     ro code   0x800'0644    0x4  startup_stm32f10x_cl.o [1]
  .text     ro code   0x800'0648    0x4  startup_stm32f10x_cl.o [1]
  .text     ro code   0x800'064c    0x4  startup_stm32f10x_cl.o [1]
  .text     ro code   0x800'0650    0x4  startup_stm32f10x_cl.o [1]
  .text     ro code   0x800'0654    0x4  startup_stm32f10x_cl.o [1]
  .text     ro code   0x800'0658    0x4  startup_stm32f10x_cl.o [1]
  .text     ro code   0x800'065c    0x4  startup_stm32f10x_cl.o [1]
  .text     ro code   0x800'0660    0x4  startup_stm32f10x_cl.o [1]
  .text     ro code   0x800'0664    0x4  startup_stm32f10x_cl.o [1]
  .text     ro code   0x800'0668    0x4  startup_stm32f10x_cl.o [1]
  .text     ro code   0x800'066c    0x4  startup_stm32f10x_cl.o [1]
  .text     ro code   0x800'0670    0x4  startup_stm32f10x_cl.o [1]
  .text     ro code   0x800'0674    0x4  startup_stm32f10x_cl.o [1]
  .text     ro code   0x800'0678    0x4  startup_stm32f10x_cl.o [1]
  .text     ro code   0x800'067c    0x4  startup_stm32f10x_cl.o [1]
  .text     ro code   0x800'0680    0x4  startup_stm32f10x_cl.o [1]
  .text     ro code   0x800'0684    0x4  startup_stm32f10x_cl.o [1]
  .text     ro code   0x800'0688    0x4  startup_stm32f10x_cl.o [1]
  .text     ro code   0x800'068c    0x4  startup_stm32f10x_cl.o [1]
  .text     ro code   0x800'0690    0x4  startup_stm32f10x_cl.o [1]
  .text     ro code   0x800'0694    0x4  startup_stm32f10x_cl.o [1]
  .text     ro code   0x800'0698    0x4  startup_stm32f10x_cl.o [1]
  .text     ro code   0x800'069c    0x4  startup_stm32f10x_cl.o [1]
  .text     ro code   0x800'06a0    0x4  startup_stm32f10x_cl.o [1]
  .text     ro code   0x800'06a4    0x4  startup_stm32f10x_cl.o [1]
  .text     ro code   0x800'06a8    0x4  startup_stm32f10x_cl.o [1]
  .text     ro code   0x800'06ac    0x4  startup_stm32f10x_cl.o [1]
  .text     ro code   0x800'06b0    0x4  startup_stm32f10x_cl.o [1]
  .text     ro code   0x800'06b4    0x4  startup_stm32f10x_cl.o [1]
  .text     ro code   0x800'06b8    0x4  startup_stm32f10x_cl.o [1]
  .text     ro code   0x800'06bc    0x4  startup_stm32f10x_cl.o [1]
  .text     ro code   0x800'06c0    0x4  startup_stm32f10x_cl.o [1]
  .text     ro code   0x800'06c4    0x4  startup_stm32f10x_cl.o [1]
  .text     ro code   0x800'06c8    0x4  startup_stm32f10x_cl.o [1]
  .text     ro code   0x800'06cc    0x4  startup_stm32f10x_cl.o [1]
  .text     ro code   0x800'06d0    0x4  startup_stm32f10x_cl.o [1]
  .text     ro code   0x800'06d4    0x4  startup_stm32f10x_cl.o [1]
  .text     ro code   0x800'06d8    0x4  startup_stm32f10x_cl.o [1]
  .text     ro code   0x800'06dc    0x4  startup_stm32f10x_cl.o [1]
  .text     ro code   0x800'06e0    0x4  startup_stm32f10x_cl.o [1]
  .text     ro code   0x800'06e4    0x4  startup_stm32f10x_cl.o [1]
  .text     ro code   0x800'06e8    0x4  startup_stm32f10x_cl.o [1]
  .text     ro code   0x800'06ec    0x4  startup_stm32f10x_cl.o [1]
  .text     ro code   0x800'06f0    0x4  startup_stm32f10x_cl.o [1]
  .text     ro code   0x800'06f4    0x4  startup_stm32f10x_cl.o [1]
  .text     ro code   0x800'06f8    0x4  startup_stm32f10x_cl.o [1]
  .text     ro code   0x800'06fc    0x4  startup_stm32f10x_cl.o [1]
  .text     ro code   0x800'0700    0x4  startup_stm32f10x_cl.o [1]
  .text     ro code   0x800'0704    0x4  startup_stm32f10x_cl.o [1]
  .text     ro code   0x800'0708    0x4  startup_stm32f10x_cl.o [1]
  .text     ro code   0x800'070c    0x4  startup_stm32f10x_cl.o [1]
  .text     ro code   0x800'0710    0x4  startup_stm32f10x_cl.o [1]
  .text     ro code   0x800'0714    0x4  startup_stm32f10x_cl.o [1]
  .text     ro code   0x800'0718    0x4  startup_stm32f10x_cl.o [1]
  .text     ro code   0x800'071c    0x4  startup_stm32f10x_cl.o [1]
  .text     ro code   0x800'0720    0x4  startup_stm32f10x_cl.o [1]
  .text     ro code   0x800'0724    0x4  startup_stm32f10x_cl.o [1]
  .text     ro code   0x800'0728    0x4  startup_stm32f10x_cl.o [1]
  .text     ro code   0x800'072c    0x4  startup_stm32f10x_cl.o [1]
  .text     ro code   0x800'0730    0x4  startup_stm32f10x_cl.o [1]
  .text     ro code   0x800'0734    0x4  startup_stm32f10x_cl.o [1]
  .text     ro code   0x800'0738    0x4  startup_stm32f10x_cl.o [1]
  .text     ro code   0x800'073c    0x4  startup_stm32f10x_cl.o [1]
  .text     ro code   0x800'0740    0x4  startup_stm32f10x_cl.o [1]
  .text     ro code   0x800'0744    0x4  startup_stm32f10x_cl.o [1]
  .text     ro code   0x800'0748    0x4  startup_stm32f10x_cl.o [1]
                    - 0x800'074c  0x5fc

"P2":                             0x800
  CSTACK             0x2000'0000  0x800  <Block>
    CSTACK  uninit   0x2000'0000  0x800  <Block tail>
                   - 0x2000'0800  0x800

Unused ranges:

         From           To    Size
         ----           --    ----
   0x800'074c   0x800'ffff  0xf8b4
  0x2000'0800  0x2000'4fff  0x4800



*******************************************************************************
*** MODULE SUMMARY
***

    Module                  ro code  rw data
    ------                  -------  -------
command line/config:
    ----------------------------------------
    Total:

C:\Users\tykr0\Desktop\termProject_controller\Debug\Obj: [1]
    main.o                      400
    startup_stm32f10x_cl.o      632
    stm32f10x_gpio.o            204
    stm32f10x_it.o               18
    stm32f10x_rcc.o              64
    stm32f10x_usart.o           128
    system_stm32f10x.o          336
    ----------------------------------------
    Total:                    1'782

dl7M_tln.a: [2]
    exit.o                        4
    low_level_init.o              4
    ----------------------------------------
    Total:                        8

m7M_tl.a: [3]
    ----------------------------------------
    Total:

rt7M_tl.a: [4]
    cexit.o                      10
    cmain.o                      30
    cstartup_M.o                 12
    ----------------------------------------
    Total:                       52

shb_l.a: [5]
    exit.o                       20
    ----------------------------------------
    Total:                       20

    Gaps                          6
    Linker created                     2'048
--------------------------------------------
    Grand Total:              1'868    2'048


*******************************************************************************
*** ENTRY LIST
***

Entry                       Address  Size  Type      Object
-----                       -------  ----  ----      ------
?main                    0x800'05bd        Code  Gb  cmain.o [4]
BusFault_Handler         0x800'060b   0x2  Code  Gb  stm32f10x_it.o [1]
CSTACK$$Base            0x2000'0000         --   Gb  - Linker created -
CSTACK$$Limit           0x2000'0800         --   Gb  - Linker created -
DebugMon_Handler         0x800'0611   0x2  Code  Gb  stm32f10x_it.o [1]
Delay                    0x800'0263   0xe  Code  Gb  main.o [1]
GPIO_Configure           0x800'0181  0x8e  Code  Gb  main.o [1]
GPIO_Init                0x800'0321  0xc0  Code  Gb  stm32f10x_gpio.o [1]
GPIO_ResetBits           0x800'03e7   0x6  Code  Gb  stm32f10x_gpio.o [1]
GPIO_SetBits             0x800'03e1   0x6  Code  Gb  stm32f10x_gpio.o [1]
HardFault_Handler        0x800'0607   0x2  Code  Gb  stm32f10x_it.o [1]
MemManage_Handler        0x800'0609   0x2  Code  Gb  stm32f10x_it.o [1]
NMI_Handler              0x800'0605   0x2  Code  Gb  stm32f10x_it.o [1]
PendSV_Handler           0x800'0613   0x2  Code  Gb  stm32f10x_it.o [1]
RCC_APB1PeriphClockCmd   0x800'02fd  0x1c  Code  Gb  stm32f10x_rcc.o [1]
RCC_APB2PeriphClockCmd   0x800'02e1  0x1c  Code  Gb  stm32f10x_rcc.o [1]
RCC_Configure            0x800'0151  0x30  Code  Gb  main.o [1]
Region$$Table$$Base             0x0         --   Gb  - Linker created -
Region$$Table$$Limit            0x0         --   Gb  - Linker created -
SVC_Handler              0x800'060f   0x2  Code  Gb  stm32f10x_it.o [1]
SetSysClock              0x800'04bf   0x8  Code  Lc  system_stm32f10x.o [1]
SetSysClockTo72          0x800'04c7  0xd2  Code  Lc  system_stm32f10x.o [1]
SysTick_Handler          0x800'0615   0x2  Code  Gb  stm32f10x_it.o [1]
SystemInit               0x800'046d  0x52  Code  Gb  system_stm32f10x.o [1]
USART1_IRQHandler        0x800'020f  0x2a  Code  Gb  main.o [1]
USART2_IRQHandler        0x800'0239  0x2a  Code  Gb  main.o [1]
USART_ClearITPendingBit
                         0x800'0457  0x16  Code  Gb  stm32f10x_usart.o [1]
USART_GetITStatus        0x800'03fd  0x5a  Code  Gb  stm32f10x_usart.o [1]
USART_ReceiveData        0x800'03f5   0x8  Code  Gb  stm32f10x_usart.o [1]
USART_SendData           0x800'03ed   0x8  Code  Gb  stm32f10x_usart.o [1]
UsageFault_Handler       0x800'060d   0x2  Code  Gb  stm32f10x_it.o [1]
__cmain                  0x800'05bd        Code  Gb  cmain.o [4]
__exit                   0x800'05f1  0x14  Code  Gb  exit.o [5]
__iar_program_start      0x800'0629        Code  Gb  cstartup_M.o [4]
__low_level_init         0x800'05db   0x4  Code  Gb  low_level_init.o [2]
__vector_table           0x800'0000        Data  Gb  startup_stm32f10x_cl.o [1]
_call_main               0x800'05c9        Code  Gb  cmain.o [4]
_exit                    0x800'05e5        Code  Gb  cexit.o [4]
_main                    0x800'05d7        Code  Gb  cmain.o [4]
exit                     0x800'05df   0x4  Code  Gb  exit.o [2]
main                     0x800'029d  0x30  Code  Gb  main.o [1]
sendDataUART1            0x800'0271  0x16  Code  Gb  main.o [1]
sendDataUART2            0x800'0287  0x16  Code  Gb  main.o [1]


[1] = C:\Users\tykr0\Desktop\termProject_controller\Debug\Obj
[2] = dl7M_tln.a
[3] = m7M_tl.a
[4] = rt7M_tl.a
[5] = shb_l.a

  1'868 bytes of readonly  code memory
  2'048 bytes of readwrite data memory

Errors: none
Warnings: none
